###############################################################################
#
# IAR ELF Linker V8.40.1.212/W32 for ARM                  17/Sep/2019  10:46:04
# Copyright 2007-2019 IAR Systems AB.
#
#    Output file  =
#        D:\work\2019\pro\55_Github\debug\BlueNRG_Demo\BlueNRG-1_2 DK
#        3.1.0\Project\Supply\BLE_OtaDemo\EWARM\BlueNRG-2\LowerApp_OTA\Exe\BLE_SensorDemo_LowerApp_OTA.out
#    Map file     =
#        D:\work\2019\pro\55_Github\debug\BlueNRG_Demo\BlueNRG-1_2 DK
#        3.1.0\Project\Supply\BLE_OtaDemo\EWARM\BlueNRG-2\LowerApp_OTA\List\BLE_SensorDemo_LowerApp_OTA.map
#    Command line =
#        -f C:\Users\Lucien\AppData\Local\Temp\EWB72F.tmp
#        ("D:\work\2019\pro\55_Github\debug\BlueNRG_Demo\BlueNRG-1_2 DK
#        3.1.0\Project\Supply\BLE_OtaDemo\EWARM\BlueNRG-2\LowerApp_OTA\Obj\BlueNRG1_adc.o"
#        "D:\work\2019\pro\55_Github\debug\BlueNRG_Demo\BlueNRG-1_2 DK
#        3.1.0\Project\Supply\BLE_OtaDemo\EWARM\BlueNRG-2\LowerApp_OTA\Obj\BlueNRG1_dma.o"
#        "D:\work\2019\pro\55_Github\debug\BlueNRG_Demo\BlueNRG-1_2 DK
#        3.1.0\Project\Supply\BLE_OtaDemo\EWARM\BlueNRG-2\LowerApp_OTA\Obj\BlueNRG1_flash.o"
#        "D:\work\2019\pro\55_Github\debug\BlueNRG_Demo\BlueNRG-1_2 DK
#        3.1.0\Project\Supply\BLE_OtaDemo\EWARM\BlueNRG-2\LowerApp_OTA\Obj\BlueNRG1_gpio.o"
#        "D:\work\2019\pro\55_Github\debug\BlueNRG_Demo\BlueNRG-1_2 DK
#        3.1.0\Project\Supply\BLE_OtaDemo\EWARM\BlueNRG-2\LowerApp_OTA\Obj\BlueNRG1_i2c.o"
#        "D:\work\2019\pro\55_Github\debug\BlueNRG_Demo\BlueNRG-1_2 DK
#        3.1.0\Project\Supply\BLE_OtaDemo\EWARM\BlueNRG-2\LowerApp_OTA\Obj\BlueNRG1_it.o"
#        "D:\work\2019\pro\55_Github\debug\BlueNRG_Demo\BlueNRG-1_2 DK
#        3.1.0\Project\Supply\BLE_OtaDemo\EWARM\BlueNRG-2\LowerApp_OTA\Obj\BlueNRG1_mft.o"
#        "D:\work\2019\pro\55_Github\debug\BlueNRG_Demo\BlueNRG-1_2 DK
#        3.1.0\Project\Supply\BLE_OtaDemo\EWARM\BlueNRG-2\LowerApp_OTA\Obj\BlueNRG1_pka.o"
#        "D:\work\2019\pro\55_Github\debug\BlueNRG_Demo\BlueNRG-1_2 DK
#        3.1.0\Project\Supply\BLE_OtaDemo\EWARM\BlueNRG-2\LowerApp_OTA\Obj\BlueNRG1_rtc.o"
#        "D:\work\2019\pro\55_Github\debug\BlueNRG_Demo\BlueNRG-1_2 DK
#        3.1.0\Project\Supply\BLE_OtaDemo\EWARM\BlueNRG-2\LowerApp_OTA\Obj\BlueNRG1_spi.o"
#        "D:\work\2019\pro\55_Github\debug\BlueNRG_Demo\BlueNRG-1_2 DK
#        3.1.0\Project\Supply\BLE_OtaDemo\EWARM\BlueNRG-2\LowerApp_OTA\Obj\BlueNRG1_sysCtrl.o"
#        "D:\work\2019\pro\55_Github\debug\BlueNRG_Demo\BlueNRG-1_2 DK
#        3.1.0\Project\Supply\BLE_OtaDemo\EWARM\BlueNRG-2\LowerApp_OTA\Obj\BlueNRG1_uart.o"
#        "D:\work\2019\pro\55_Github\debug\BlueNRG_Demo\BlueNRG-1_2 DK
#        3.1.0\Project\Supply\BLE_OtaDemo\EWARM\BlueNRG-2\LowerApp_OTA\Obj\BlueNRG1_wdg.o"
#        "D:\work\2019\pro\55_Github\debug\BlueNRG_Demo\BlueNRG-1_2 DK
#        3.1.0\Project\Supply\BLE_OtaDemo\EWARM\BlueNRG-2\LowerApp_OTA\Obj\clock.o"
#        "D:\work\2019\pro\55_Github\debug\BlueNRG_Demo\BlueNRG-1_2 DK
#        3.1.0\Project\Supply\BLE_OtaDemo\EWARM\BlueNRG-2\LowerApp_OTA\Obj\context_switch.o"
#        "D:\work\2019\pro\55_Github\debug\BlueNRG_Demo\BlueNRG-1_2 DK
#        3.1.0\Project\Supply\BLE_OtaDemo\EWARM\BlueNRG-2\LowerApp_OTA\Obj\gatt_db.o"
#        "D:\work\2019\pro\55_Github\debug\BlueNRG_Demo\BlueNRG-1_2 DK
#        3.1.0\Library\Bluetooth_LE\library\libbluenrg1_stack.a"
#        "D:\work\2019\pro\55_Github\debug\BlueNRG_Demo\BlueNRG-1_2 DK
#        3.1.0\Library\cryptolib\libcrypto.a"
#        "D:\work\2019\pro\55_Github\debug\BlueNRG_Demo\BlueNRG-1_2 DK
#        3.1.0\Project\Supply\BLE_OtaDemo\EWARM\BlueNRG-2\LowerApp_OTA\Obj\LPS25HB.o"
#        "D:\work\2019\pro\55_Github\debug\BlueNRG_Demo\BlueNRG-1_2 DK
#        3.1.0\Project\Supply\BLE_OtaDemo\EWARM\BlueNRG-2\LowerApp_OTA\Obj\LSM6DS3.o"
#        "D:\work\2019\pro\55_Github\debug\BlueNRG_Demo\BlueNRG-1_2 DK
#        3.1.0\Project\Supply\BLE_OtaDemo\EWARM\BlueNRG-2\LowerApp_OTA\Obj\misc.o"
#        "D:\work\2019\pro\55_Github\debug\BlueNRG_Demo\BlueNRG-1_2 DK
#        3.1.0\Project\Supply\BLE_OtaDemo\EWARM\BlueNRG-2\LowerApp_OTA\Obj\miscutil.o"
#        "D:\work\2019\pro\55_Github\debug\BlueNRG_Demo\BlueNRG-1_2 DK
#        3.1.0\Project\Supply\BLE_OtaDemo\EWARM\BlueNRG-2\LowerApp_OTA\Obj\osal.o"
#        "D:\work\2019\pro\55_Github\debug\BlueNRG_Demo\BlueNRG-1_2 DK
#        3.1.0\Project\Supply\BLE_OtaDemo\EWARM\BlueNRG-2\LowerApp_OTA\Obj\OTA_btl.o"
#        "D:\work\2019\pro\55_Github\debug\BlueNRG_Demo\BlueNRG-1_2 DK
#        3.1.0\Project\Supply\BLE_OtaDemo\EWARM\BlueNRG-2\LowerApp_OTA\Obj\SDK_EVAL_Button.o"
#        "D:\work\2019\pro\55_Github\debug\BlueNRG_Demo\BlueNRG-1_2 DK
#        3.1.0\Project\Supply\BLE_OtaDemo\EWARM\BlueNRG-2\LowerApp_OTA\Obj\SDK_EVAL_Com.o"
#        "D:\work\2019\pro\55_Github\debug\BlueNRG_Demo\BlueNRG-1_2 DK
#        3.1.0\Project\Supply\BLE_OtaDemo\EWARM\BlueNRG-2\LowerApp_OTA\Obj\SDK_EVAL_Config.o"
#        "D:\work\2019\pro\55_Github\debug\BlueNRG_Demo\BlueNRG-1_2 DK
#        3.1.0\Project\Supply\BLE_OtaDemo\EWARM\BlueNRG-2\LowerApp_OTA\Obj\SDK_EVAL_I2C.o"
#        "D:\work\2019\pro\55_Github\debug\BlueNRG_Demo\BlueNRG-1_2 DK
#        3.1.0\Project\Supply\BLE_OtaDemo\EWARM\BlueNRG-2\LowerApp_OTA\Obj\SDK_EVAL_Led.o"
#        "D:\work\2019\pro\55_Github\debug\BlueNRG_Demo\BlueNRG-1_2 DK
#        3.1.0\Project\Supply\BLE_OtaDemo\EWARM\BlueNRG-2\LowerApp_OTA\Obj\SDK_EVAL_SPI.o"
#        "D:\work\2019\pro\55_Github\debug\BlueNRG_Demo\BlueNRG-1_2 DK
#        3.1.0\Project\Supply\BLE_OtaDemo\EWARM\BlueNRG-2\LowerApp_OTA\Obj\sensor.o"
#        "D:\work\2019\pro\55_Github\debug\BlueNRG_Demo\BlueNRG-1_2 DK
#        3.1.0\Project\Supply\BLE_OtaDemo\EWARM\BlueNRG-2\LowerApp_OTA\Obj\SensorDemo_main.o"
#        "D:\work\2019\pro\55_Github\debug\BlueNRG_Demo\BlueNRG-1_2 DK
#        3.1.0\Project\Supply\BLE_OtaDemo\EWARM\BlueNRG-2\LowerApp_OTA\Obj\sleep.o"
#        "D:\work\2019\pro\55_Github\debug\BlueNRG_Demo\BlueNRG-1_2 DK
#        3.1.0\Project\Supply\BLE_OtaDemo\EWARM\BlueNRG-2\LowerApp_OTA\Obj\stack_user_cfg.o"
#        "D:\work\2019\pro\55_Github\debug\BlueNRG_Demo\BlueNRG-1_2 DK
#        3.1.0\Project\Supply\BLE_OtaDemo\EWARM\BlueNRG-2\LowerApp_OTA\Obj\system_bluenrg1.o"
#        --no_out_extension -o
#        "D:\work\2019\pro\55_Github\debug\BlueNRG_Demo\BlueNRG-1_2 DK
#        3.1.0\Project\Supply\BLE_OtaDemo\EWARM\BlueNRG-2\LowerApp_OTA\Exe\BLE_SensorDemo_LowerApp_OTA.out"
#        --config_def ST_OTA_LOWER_APPLICATION=1 --map
#        "D:\work\2019\pro\55_Github\debug\BlueNRG_Demo\BlueNRG-1_2 DK
#        3.1.0\Project\Supply\BLE_OtaDemo\EWARM\BlueNRG-2\LowerApp_OTA\List\BLE_SensorDemo_LowerApp_OTA.map"
#        --config "D:\work\2019\pro\55_Github\debug\BlueNRG_Demo\BlueNRG-1_2 DK
#        3.1.0\Project\Supply\BLE_OtaDemo\EWARM\BlueNRG-2\BlueNRG2.icf"
#        --semihosting --entry __iar_program_start --vfe --text_out locale)
#
###############################################################################

*******************************************************************************
*** RUNTIME MODEL ATTRIBUTES
***

CppFlavor       = *
__SystemLibrary = DLib
__dlib_version  = 6


*******************************************************************************
*** HEAP SELECTION
***

The basic heap was selected because no calls to memory allocation
functions were found in the application outside of system library
functions, and there are calls to deallocation functions in the
application.


*******************************************************************************
*** PLACEMENT SUMMARY
***

define block BLOCK_STACKLIB_FLASH_DATA
   with fixed order, alignment = 2K {
      section .noinit.stacklib_flash_data,
      section .noinit.stacklib_stored_device_id_data };
"A0":  place at start of [from 0x1007'f000 to 0x1007'ffff] {
          block BLOCK_STACKLIB_FLASH_DATA };
define block BLUE with size = 524, alignment = 8 { section .bss.__blue_RAM };
"A1":  place at address 0x2000'00c0 { block BLUE };
"A3":  place at start of [from 0x1004'0800 to 0x1005'f7ff] {
          ro section .intvec };
define block ota_sw_activation_block
   with size = 4, alignment = 4 { section .ota_sw_activation };
"A4":  place at address 0x2000'0004 { block ota_sw_activation_block };
define block savedMSP_block with size = 4, alignment = 4 { section .savedMSP };
"A5":  place at address 0x2000'0008 { block savedMSP_block };
define block wakeupFromSleepFlag_block
   with size = 4, alignment = 4 { section .wakeupFromSleepFlag };
"A6":  place at address 0x2000'000c { block wakeupFromSleepFlag_block };
define block app_base_block with size = 4, alignment = 4 { section .app_base };
"A7":  place at address 0x2000'0010 { block app_base_block };
define block flash_sw_lock_block
   with size = 4, alignment = 4 { section .flash_sw_lock };
"A8":  place at address 0x2000'0014 { block flash_sw_lock_block };
define block rfTimeout_block
   with size = 4, alignment = 4 { section .rfTimeout };
"A9":  place at address 0x2000'0018 { block rfTimeout_block };
define block Blue_Flag_Ram_block
   with size = 4, alignment = 4 { section .__blueflag_RAM };
"A10": place at address 0x2000'0030 { block Blue_Flag_Ram_block };
define block Crash_Info_block
   with size = 40, alignment = 4 { section .__crash_RAM };
"A11": place at address 0x2000'0034 { block Crash_Info_block };
"P2":  place in [from 0x1004'0800 to 0x1005'f7ff] { ro };
"P3":  place in [from 0x2000'0000 to 0x2000'5fff] { rw };
define block CSTACK with size = 3K, alignment = 8 { };
"A12": place at end of [from 0x2000'0000 to 0x2000'5fff] { block CSTACK };
initialize by copy { rw };
keep { section .bss.__blue_RAM };
keep { section .intvec };
keep { section .ota_sw_activation };
keep { section .savedMSP };
keep { section .wakeupFromSleepFlag };
keep { section .app_base };
keep { section .flash_sw_lock };
keep { section .rfTimeout };
keep { section .__blueflag_RAM };
keep { section .__crash_RAM };

No sections matched the following patterns:

  ro section .bootloader  in "A2"
  section .rom_info       in block ROM_INFO


  Section                 Kind         Address      Size  Object
  -------                 ----         -------      ----  ------
"A3":                                               0xc0
  .intvec                 const    0x1004'0800      0xc0  system_bluenrg1.o [1]
                                 - 0x1004'08c0      0xc0

"P2":                                           0x1'32f5
  .text                   ro code  0x1004'08c0     0xe4c  LSM6DS3.o [1]
  .text                   ro code  0x1004'170c     0x1be  SDK_EVAL_SPI.o [1]
  .text                   ro code  0x1004'18ca      0x7e  lz77_init_single.o [6]
  .text                   ro code  0x1004'1948      0x36  IxxToFlt.o [5]
  .constdata              const    0x1004'197e      0x1a  ll_isr.o [3]
  .text                   ro code  0x1004'1998      0x26  FltCmpLe.o [5]
  .text                   ro code  0x1004'19be       0x2  system_bluenrg1.o [1]
  .text                   ro code  0x1004'19c0      0xc8  BlueNRG1_sysCtrl.o [1]
  .text                   ro code  0x1004'1a88      0x14  SDK_EVAL_Config.o [1]
  .text                   ro code  0x1004'1a9c     0x18c  BlueNRG1_gpio.o [1]
  .text                   ro code  0x1004'1c28      0x8c  misc.o [1]
  .text                   ro code  0x1004'1cb4      0x52  ABImemset.o [6]
  .text                   ro code  0x1004'1d06      0x14  memset.o [6]
  .text                   ro code  0x1004'1d1a      0xb0  FltMul.o [5]
  .text                   ro code  0x1004'1dca       0x2  system_bluenrg1.o [1]
  .text                   ro code  0x1004'1dcc      0x3a  FltToS32.o [5]
  .text                   ro code  0x1004'1e06       0x2  system_bluenrg1.o [1]
  .text                   ro code  0x1004'1e08     0x14c  BlueNRG1_spi.o [1]
  .text                   ro code  0x1004'1f54      0xe0  I32DivModFast.o [6]
  .text                   ro code  0x1004'2034       0x2  IntDivZer.o [6]
  .text                   ro code  0x1004'2036       0x2  system_bluenrg1.o [1]
  .text                   ro code  0x1004'2038     0x814  sleep.o [1]
  i.BlueNRG_Stack_Perform_Deep_Sleep_Check
                          ro code  0x1004'284c      0xb4  bluenrg_main_func_speed.o [3]
  .text                   ro code  0x1004'2900      0x9c  SensorDemo_main.o [1]
  .text                   ro code  0x1004'299c      0x66  miscutil.o [1]
  .text                   ro code  0x1004'2a02       0x2  system_bluenrg1.o [1]
  .text                   ro code  0x1004'2a04     0x3b8  system_bluenrg1.o [1]
  .text                   ro code  0x1004'2dbc      0x9c  context_switch.o [1]
  i.Set_Host_Timer_value  ro code  0x1004'2e58      0x50  host_timer.o [3]
  .text                   ro code  0x1004'2ea8      0xc0  SDK_EVAL_Com.o [1]
  i.BlueNRG_Stack_Initialization
                          ro code  0x1004'2f68      0x44  bluenrg_main_func.o [3]
  .text                   ro code  0x1004'2fac      0x9a  SDK_EVAL_Led.o [1]
  .text                   ro code  0x1004'3046       0x2  system_bluenrg1.o [1]
  .text                   ro code  0x1004'3048     0x268  sensor.o [1]
  i.BTLE_StackTick        ro code  0x1004'32b0      0x88  bluenrg_main_func.o [3]
  .text                   ro code  0x1004'3338     0x704  OTA_btl.o [1]
  .text                   ro code  0x1004'3a3c      0x4e  ABImemcpy.o [6]
  .text                   ro code  0x1004'3a8a       0x2  system_bluenrg1.o [1]
  .text                   ro code  0x1004'3a8c     0x1a0  BlueNRG1_uart.o [1]
  .text                   ro code  0x1004'3c2c      0x28  osal.o [1]
  i.BlueNRG_Stack_Initialize_RAM_check
                          ro code  0x1004'3c54      0x80  bluenrg_main_func.o [3]
  i._BlueNRG_Stack_Initialization
                          ro code  0x1004'3cd4      0xe8  bluenrg_main_func.o [3]
  i.aci_hal_write_config_data
                          ro code  0x1004'3dbc       0x8  bluenrg_hal_aci.o [3]
  i.aci_hal_set_tx_power_level
                          ro code  0x1004'3dc4       0x8  bluenrg_hal_aci.o [3]
  i.aci_gatt_init         ro code  0x1004'3dcc       0x8  bluenrg_gatt_aci.o [3]
  i.aci_gap_init          ro code  0x1004'3dd4      0x30  bluenrg_gap_aci.o [3]
  i.aci_gatt_update_char_value_ext
                          ro code  0x1004'3e04      0x22  bluenrg_gatt_aci.o [3]
  .text                   ro code  0x1004'3e26       0x2  system_bluenrg1.o [1]
  i.aci_gap_set_authentication_requirement
                          ro code  0x1004'3e28      0x90  bluenrg_gap_aci.o [3]
  .text                   ro code  0x1004'3eb8     0x4f0  gatt_db.o [1]
  i.HAL_VTimerStart_ms    ro code  0x1004'43a8      0x1a  host_timer.o [3]
  i.hci_le_set_scan_response_data
                          ro code  0x1004'43c2      0x16  hci.o [3]
  i.aci_gap_set_discoverable
                          ro code  0x1004'43d8      0x42  bluenrg_gap_aci.o [3]
  .text                   ro code  0x1004'441a       0x2  system_bluenrg1.o [1]
  i.Timer_ProcessQ        ro code  0x1004'441c     0x11c  host_timer.o [3]
  i.hci_acl_Process_Q     ro code  0x1004'4538      0x70  hci.o [3]
  i.Controller_Process_Q  ro code  0x1004'45a8      0x1c  hci.o [3]
  i.Events_Process_Q      ro code  0x1004'45c4     0x10c  aci_events.o [3]
  i.BlueNRG_Stack_Perform_Crystal_Check
                          ro code  0x1004'46d0      0xc4  bluenrg_main_func.o [3]
  i.advance_transmit      ro code  0x1004'4794     0x158  routines_support.o [3]
  i.GAP_Process_Q         ro code  0x1004'48ec      0x40  gap.o [3]
  i.Gatt_Process_Q        ro code  0x1004'492c     0x19c  gatt_server.o [3]
  i.SMP_Process_Q         ro code  0x1004'4ac8     0x184  securitymgr.o [3]
  i.aci_hal_set_radio_activity_mask
                          ro code  0x1004'4c4c      0x10  hal.o [3]
  i.aci_gap_terminate     ro code  0x1004'4c5c       0x8  bluenrg_gap_aci.o [3]
  .text                   ro code  0x1004'4c64      0x80  BlueNRG1_flash.o [1]
  i.aci_gatt_add_service  ro code  0x1004'4ce4      0x36  bluenrg_gatt_aci.o [3]
  i.aci_gatt_add_char     ro code  0x1004'4d1a      0x3e  bluenrg_gatt_aci.o [3]
  i.HAL_VTimerGetCurrentTime_sysT32
                          ro code  0x1004'4d58      0x12  host_timer.o [3]
  i.HAL_VTimerDiff_ms_sysT32
                          ro code  0x1004'4d6a       0xc  host_timer.o [3]
  i.aci_l2cap_connection_parameter_update_req
                          ro code  0x1004'4d76      0x18  bluenrg_l2cap_aci.o [3]
  .text                   ro code  0x1004'4d8e       0x2  system_bluenrg1.o [1]
  .text                   ro code  0x1004'4d90      0x1e  memcmp.o [6]
  .text                   ro code  0x1004'4dae      0x2c  stack_user_cfg.o [1]
  .text                   ro code  0x1004'4dda       0x2  system_bluenrg1.o [1]
  i.Dynamic_allocator     ro code  0x1004'4ddc     0x260  mem_alloc.o [3]
  i.Dynamic_allocator_noRet
                          ro code  0x1004'503c       0x2  mem_alloc.o [3]
  .text                   ro code  0x1004'503e       0x2  system_bluenrg1.o [1]
  i.mem_alloc_ctx_init    ro code  0x1004'5040      0xa4  mem_alloc.o [3]
  i.state_func_call_init_csr_ucfg
                          ro code  0x1004'50e4       0x2  ll_isr.o [3]
  i.PRIV_controller_privacy_csr_ucfg
                          ro code  0x1004'50e6       0x4  hci.o [3]
  i.secure_connections_csr_ucfg
                          ro code  0x1004'50ea       0x4  smp_scv42_sap.o [3]
  .text                   ro code  0x1004'50ee       0x2  system_bluenrg1.o [1]
  .text                   ro code  0x1004'50f0      0x16  BlueNRG1_pka.o [1]
  .text                   ro code  0x1004'5106       0x2  system_bluenrg1.o [1]
  i.BlueNRG_Stack_Initialize_ConfigData
                          ro code  0x1004'5108      0x64  bluenrg_main_func.o [3]
  i.BlueNRG_Stack_Initialize_Layers
                          ro code  0x1004'516c      0x84  bluenrg_main_func.o [3]
  i.HAL_Set_TX_Power_Level
                          ro code  0x1004'51f0      0x44  hal.o [3]
  i.PRIVWHIT_vInit_Struct
                          ro code  0x1004'5234      0xb4  ll_privacy.o [3]
  i.HAL_Write_ConfigData  ro code  0x1004'52e8     0x11c  hal.o [3]
  i.Gatt_Server_Init      ro code  0x1004'5404     0x190  gatt_server.o [3]
  i.GAP_Init              ro code  0x1004'5594     0x1fc  gap.o [3]
  i.Gatt_Update_Charac_Value_Ext
                          ro code  0x1004'5790     0x38c  gatt_server.o [3]
  i.SMP_Set_Authentication_req
                          ro code  0x1004'5b1c      0x6c  smp_common.o [3]
  i.aci_gatt_add_char_desc
                          ro code  0x1004'5b88      0x50  bluenrg_gatt_aci.o [3]
  i.aci_gatt_allow_read   ro code  0x1004'5bd8       0xc  bluenrg_gatt_aci.o [3]
  i.HAL_VTimerAcc_sysT32_ms
                          ro code  0x1004'5be4      0x24  host_timer.o [3]
  i.HAL_VTimerStart_sysT32
                          ro code  0x1004'5c08      0x1a  host_timer.o [3]
  i.cb_hci_data_buffer_overflow_event
                          ro code  0x1004'5c22       0x2  aci_events.o [3]
  i.LL_Set_Scan_Resp_Data
                          ro code  0x1004'5c24      0x5c  rom_ll_ll_routines.o [3]
  i._aci_gap_set_discoverable_param_check
                          ro code  0x1004'5c80      0x5c  bluenrg_gap_aci.o [3]
  i.GAP_Set_Discoverable_Mode
                          ro code  0x1004'5cdc      0x38  gap.o [3]
  i.system_time_trans_ext
                          ro code  0x1004'5d14      0x30  rom_ll_timehandling.o [3]
  i.TimerCallback         ro code  0x1004'5d44      0x7c  host_timer.o [3]
  i.List_Circular_Remove_Node
                          ro code  0x1004'5dc0      0x20  rom_list.o [3]
  i.List_Circular_Insert_Tail
                          ro code  0x1004'5de0       0xe  rom_list.o [3]
  i.system_time_trans     ro code  0x1004'5dee      0x10  rom_ll_timehandling.o [3]
  i.machine_time_trans    ro code  0x1004'5e00      0x20  rom_ll_timehandling.o [3]
  i.acl_list_is_empty     ro code  0x1004'5e20       0xe  acl_list.o [3]
  i.acl_list_first        ro code  0x1004'5e2e       0x4  acl_list.o [3]
  i.Acl_Transmit_Data     ro code  0x1004'5e34      0x60  acl.o [3]
  i.acl_list_remove       ro code  0x1004'5e94      0x44  acl_list.o [3]
  i.PRIV_u8OfflineProcessing_ucfg
                          ro code  0x1004'5ed8       0x4  ll_privacy.o [3]
  i.PKA_Offline_Processing_ucfg
                          ro code  0x1004'5edc       0x2  hci.o [3]
  i.Disconnection_Offline_Processing
                          ro code  0x1004'5ee0      0x48  ll_routines.o [3]
  i.hci_hardware_error_event
                          ro code  0x1004'5f28       0x2  aci_events.o [3]
  i.hal_radio_activity_state_callback_check
                          ro code  0x1004'5f2c      0x34  hal.o [3]
  i.BlueNRG_Start_Crystal_Measurement
                          ro code  0x1004'5f60      0x1c  bluenrg_main_func.o [3]
  i.set_freq              ro code  0x1004'5f7c      0x88  rom_ll_timehandling.o [3]
  i.copy_tx_data_packet   ro code  0x1004'6004      0x84  ll_isr.o [3]
  i.Timer_StopOneShot     ro code  0x1004'6088      0x58  host_timer.o [3]
  i.aci_gap_limited_discoverable_event_push
                          ro code  0x1004'60e0      0x50  gap.o [3]
  i.GAP_discover_peer_name_ucfg
                          ro code  0x1004'6130       0x2  gap.o [3]
  i.aci_event_fifo_push_header
                          ro code  0x1004'6134      0xbc  aci_events.o [3]
  i.aci_event_fifo_push   ro code  0x1004'61f0      0x28  aci_events.o [3]
  i.Gatt_Reset_To_Closed_State
                          ro code  0x1004'6218      0xfc  gatt_server.o [3]
  i.SMP_Forget_Device_by_ConnHandle
                          ro code  0x1004'6314      0x1c  smp_common.o [3]
  i.SMP_Check_Is_Device_Bonded
                          ro code  0x1004'6330      0x48  smp_common.o [3]
  i.Check_For_Service_Change
                          ro code  0x1004'6378     0x348  gatt_server.o [3]
  i.Process_Peer_Server_Data
                          ro code  0x1004'66c0     0x194  gatt_server.o [3]
  i.Process_Peer_Client_Data
                          ro code  0x1004'6854     0x1fc  gatt_server.o [3]
  i.acl_list_remove_head  ro code  0x1004'6a50      0x2e  acl_list.o [3]
  i.L2C_Send_Data         ro code  0x1004'6a7e      0x4c  l2cap.o [3]
  i.acl_list_insert_head  ro code  0x1004'6aca      0x26  acl_list.o [3]
  i.PM_Get_Available_Buffer
                          ro code  0x1004'6af0      0x3c  pm.o [3]
  i.smp_sc_check_for_ecc_pk_generation_request_ucfg
                          ro code  0x1004'6b2c       0x2  smp_scv42_caf.o [3]
  i.smp_Get_Long_Term_Key
                          ro code  0x1004'6b30      0x90  securitymgr.o [3]
  i.hci_le_long_term_key_requested_negative_reply
                          ro code  0x1004'6bc0       0xe  hci.o [3]
  i.hci_le_long_term_key_request_reply
                          ro code  0x1004'6bce       0xe  hci.o [3]
  i.smp_Execute_Actions_wrt_Current_State
                          ro code  0x1004'6bdc     0x190  securitymgr.o [3]
  i.SM_Get_Remote_Device_Info
                          ro code  0x1004'6d6c      0x48  smp_common.o [3]
  i.smp_Process_Rx_Packet_wrt_Current_State
                          ro code  0x1004'6db4      0xf4  securitymgr.o [3]
  i.smp____PairingFailed_Receive
                          ro code  0x1004'6ea8      0x10  smp_common.o [3]
  i.smp_Process_Rx_Packet_Exception_Cases_sc_excerpt_ucfg
                          ro code  0x1004'6eb8       0x4  securitymgr.o [3]
  i.PM_Release_Acl_Pckt   ro code  0x1004'6ebc      0x3c  pm.o [3]
  i.GAP_Terminate_Link    ro code  0x1004'6ef8       0x8  rom_gap_rom.o [3]
  i._load_uuid            ro code  0x1004'6f00      0x26  bluenrg_gatt_aci.o [3]
  i.Gatt_Add_Service      ro code  0x1004'6f28     0x160  gatt_server.o [3]
  i.Gatt_Add_Characteristic
                          ro code  0x1004'7088     0x338  gatt_server.o [3]
  i.Timer_sysTime32_convMachineTime
                          ro code  0x1004'73c0      0x24  host_timer.o [3]
  i.L2C_Build_Connect_Update_Req
                          ro code  0x1004'73e4      0xf4  l2cap.o [3]
  i.Data_Len_Update_Offline_Processing
                          ro code  0x1004'74d8      0x58  ll_routines.o [3]
  i.Data_Length_Update_Control_ISR
                          ro code  0x1004'7530     0x12c  ll_isr.o [3]
  i.ll_write_supported_data
                          ro code  0x1004'765c      0x78  ll_routines.o [3]
  i.LL_Data_Length_Change_Event
                          ro code  0x1004'76d4      0x54  ll_routines.o [3]
  i.LL_Send_Length_Resp   ro code  0x1004'7728      0xb4  ll_routines.o [3]
  i.Mem_assign            ro code  0x1004'77dc      0x16  mem_alloc.o [3]
  i.Timer_Init            ro code  0x1004'77f4      0x38  host_timer.o [3]
  i.LL_Init               ro code  0x1004'782c     0x184  rom_ll_ll_routines.o [3]
  i.PM_Init               ro code  0x1004'79b0      0x68  pm.o [3]
  i.Acl_Init              ro code  0x1004'7a18      0x20  acl.o [3]
  i.L2C_Init              ro code  0x1004'7a38      0x58  l2cap.o [3]
  i.SMP_Init              ro code  0x1004'7a90      0x74  smp_common.o [3]
  i.GAP_Init_Context      ro code  0x1004'7b04      0x14  gap.o [3]
  i.HCI_Init              ro code  0x1004'7b18      0x74  hci.o [3]
  i.ble_HAL_Init          ro code  0x1004'7b8c      0x1c  hal.o [3]
  i.Events_Process_init   ro code  0x1004'7ba8      0x58  aci_events.o [3]
  i.PM_Eng_Config         ro code  0x1004'7c00      0x18  pm.o [3]
  i.SMP_sc_force_debug_key_usage
                          ro code  0x1004'7c18      0x20  smp_scv42_sap.o [3]
  i.acl_list_init         ro code  0x1004'7c38      0x10  acl_list.o [3]
  i.GATT_Server_Set_Flag  ro code  0x1004'7c48      0x18  gatt_server.o [3]
  i.Gatt_Update_Charac_Value
                          ro code  0x1004'7c60      0x68  gatt_server.o [3]
  i.IDD_Initialize_Device_IDs
                          ro code  0x1004'7cc8     0x128  device_id_data.o [3]
  i.Get_StaticRandAddr    ro code  0x1004'7df0      0x14  rom_gap_rom.o [3]
  i.GAP_check_and_set_role_ucfg
                          ro code  0x1004'7e04      0x1c  gap.o [3]
  i.GAP_enable_controller_privacy_ucfg
                          ro code  0x1004'7e20       0x4  gap.o [3]
  i.Gatt_search_service_handle
                          ro code  0x1004'7e24      0x2c  gatt_server.o [3]
  i.Gatt_search_handle    ro code  0x1004'7e50      0x1e  gatt_server.o [3]
  i.Att_Check_Perms       ro code  0x1004'7e6e      0x50  att.o [3]
  i.PM_Get_Pckt           ro code  0x1004'7ec0      0x44  pm.o [3]
  i.Pm_Resize_Host_Acl_Pckt
                          ro code  0x1004'7f04       0xe  gatt_server.o [3]
  i.Build_Notif_Or_Ind    ro code  0x1004'7f12      0x3e  gatt_server.o [3]
  i.Send_Notif_Or_Ind     ro code  0x1004'7f50      0x4c  gatt_server.o [3]
  i.Gatt_Add_Charac_Desc  ro code  0x1004'7f9c     0x160  gatt_server.o [3]
  i.Gatt_Appl_Auth_For_Read
                          ro code  0x1004'80fc      0xf0  gatt_server.o [3]
  i.Timer_StartOneShot_sysTime32
                          ro code  0x1004'81ec      0x78  host_timer.o [3]
  i._gap_set_discoverable_connectable
                          ro code  0x1004'8264     0x174  gap.o [3]
  i.__ARM_common_switch8  ro code  0x1004'83d8      0x1a  l2cap.o [3]
  i.GAP_LimDiscTimeoutcb_ucfg
                          ro code  0x1004'83f2       0x2  gap.o [3]
  i.GAP_PrivateAddrTimercb
                          ro code  0x1004'83f4      0x48  rom_gap.o [3]
  i.GATT_TimeOut_Handler  ro code  0x1004'843c      0x1a  gatt_server.o [3]
  i.L2C_SigChan_Req_TimeOut_Handler
                          ro code  0x1004'8458      0x60  l2cap.o [3]
  i.SMP_Timer_cb          ro code  0x1004'84b8      0x78  smp_common.o [3]
  i.SMP_Repeated_Attacks_Timer_cb
                          ro code  0x1004'8530      0x74  smp_common.o [3]
  i.GAP_DiscProcTimeoutcb_ucfg
                          ro code  0x1004'85a4       0x2  gap.o [3]
  i.List_Circular_Node_Present
                          ro code  0x1004'85a6      0x16  rom_list.o [3]
  i.LL_Send_ACL_Data      ro code  0x1004'85bc      0x50  rom_ll_ll_routines.o [3]
  i.get_connection_no     ro code  0x1004'860c      0x8c  multi_master_time.o [3]
  i.is_slave              ro code  0x1004'8698      0x34  multi_master_time.o [3]
  i.slave_advance         ro code  0x1004'86cc     0x1a8  routines_support.o [3]
  i.advance_wakeup_timer  ro code  0x1004'8874     0x63c  advance_wakeup_time.o [3]
  i.PM_Get_Mem_Buff_Count
                          ro code  0x1004'8eb0       0xa  pm.o [3]
  i.LL_Send_Disconnection_Req
                          ro code  0x1004'8ebc      0xa4  ll_routines.o [3]
  i.hal_read_radio_activity_state
                          ro code  0x1004'8f60      0x40  hal.o [3]
  i.Mem_Buff_Block_Copy   ro code  0x1004'8fa0      0x48  mem_buff.o [3]
  i.fifoBuf_getFreeHeader
                          ro code  0x1004'8fe8      0x6c  aci_events.o [3]
  i.Gatt_Flush_Pending_AclPacket_Lists
                          ro code  0x1004'9054      0x34  gatt_server.o [3]
  i.Gatt_Find_Timed_Out_Connection_Index
                          ro code  0x1004'9088      0x38  gatt_server.o [3]
  i.Gatt_Store_Server_Database_And_Reset_CCCD
                          ro code  0x1004'90c0     0x16c  gatt_server.o [3]
  i.SDB_Find_Record       ro code  0x1004'922c      0xc4  sdb.o [3]
  i.SDB_read_peer_bonded_data
                          ro code  0x1004'92f0      0x3c  sdb.o [3]
  i.Gatt_fetch_handle     ro code  0x1004'932c      0x3c  gatt_server.o [3]
  i.Find_Gatt_Client      ro code  0x1004'9368      0x3c  gatt_client.o [3]
  i.Find_Attr_Index       ro code  0x1004'93a4      0x50  gatt_server.o [3]
  i.Ind_Service_Change_Charac
                          ro code  0x1004'93f4      0x44  gatt_server.o [3]
  i.Stop_Gatt_Timer       ro code  0x1004'9438      0x1c  rom_gatt_server.o [3]
  i.Start_Gatt_Timer      ro code  0x1004'9454      0x24  rom_gatt_server.o [3]
  i.aci_gatt_indication_event_push
                          ro code  0x1004'9478      0x90  gatt_server.o [3]
  i.aci_gatt_notification_event_push
                          ro code  0x1004'9508      0x90  gatt_server.o [3]
  i.ATT_fill_error_resp   ro code  0x1004'9598      0x26  att.o [3]
  i.Exchg_Mtu_Resp        ro code  0x1004'95c0      0xb4  att.o [3]
  i.Find_Info_Resp        ro code  0x1004'9674     0x1e8  att.o [3]
  i.Find_By_Type_Val_Resp
                          ro code  0x1004'985c     0x1ec  att.o [3]
  i.Read_By_Type_Resp     ro code  0x1004'9a48     0x2d0  att.o [3]
  i.Read_Resp             ro code  0x1004'9d18     0x12a  att.o [3]
  i.Read_Blob_Resp        ro code  0x1004'9e42     0x140  att.o [3]
  i.Read_Multi_Resp       ro code  0x1004'9f84     0x194  att.o [3]
  i.Read_By_Grp_Type_Resp
                          ro code  0x1004'a118     0x1e4  att.o [3]
  i.Write_Resp            ro code  0x1004'a2fc     0x13c  att.o [3]
  i.Prepare_Write_Resp    ro code  0x1004'a438     0x178  att.o [3]
  i.Exec_Write_Resp       ro code  0x1004'a5b0     0x1bc  att.o [3]
  i.GATT_Send_Packet      ro code  0x1004'a76c      0x2c  gatt_server.o [3]
  i.Write_Cmd             ro code  0x1004'a798     0x12c  att.o [3]
  i.SMA_generate_EDIV_recovery_DIV
                          ro code  0x1004'a8c4      0x7c  smp_algo_sap.o [3]
  i.SDB_Find_Matching_LTK
                          ro code  0x1004'a940      0xa0  sdb.o [3]
  i.SMA_Diversify         ro code  0x1004'a9e0      0x2e  smp_algo_sap.o [3]
  i.LL_Set_LTK            ro code  0x1004'aa10      0x9c  ll_routines_support.o [3]
  i.smp_Execute_Actions_wrt_Current_State_MI_excerpt_ucfg
                          ro code  0x1004'aaac       0x2  securitymgr.o [3]
  i.smp_Execute_Actions_wrt_Current_State_sc_excerpt_phase2as2_ucfg
                          ro code  0x1004'aaae       0x2  securitymgr.o [3]
  i.GapIsPrivacySupported
                          ro code  0x1004'aab0      0x14  rom_gap.o [3]
  i.SDB_Get_Number_Of_Valid_Records
                          ro code  0x1004'aac4      0x44  sdb.o [3]
  i.SDB_get_security_data_record
                          ro code  0x1004'ab08      0xe2  sdb.o [3]
  i.smp_Keys_Distribution_Send
                          ro code  0x1004'abec     0x11c  securitymgr.o [3]
  i.smp_pairing_completed
                          ro code  0x1004'ad08      0x90  smp_common.o [3]
  i.smp_Execute_Actions_wrt_Current_State_sc_excerpt_phase_1_to_2_ucfg
                          ro code  0x1004'ad98       0x4  securitymgr.o [3]
  i.HAL_Generate_Random_Bytes_To
                          ro code  0x1004'ad9c      0x20  hal.o [3]
  i.smp_sc_SR_Pairing_Phase_2AS1_Start_sc_excerpt_ucfg
                          ro code  0x1004'adbc       0x2  securitymgr.o [3]
  i.smp_keys_distribution_start
                          ro code  0x1004'adbe      0x36  smp_common.o [3]
  i.smp_Process_Rx_Packet_wrt_Current_State_sc_excerpt_ucfg
                          ro code  0x1004'adf4       0x4  securitymgr.o [3]
  i.smp_pairing_failed_send
                          ro code  0x1004'adf8      0x2a  smp_common.o [3]
  i.smp_keys_receiving    ro code  0x1004'ae22      0xd6  smp_common.o [3]
  i.smp_find_remote_device_index
                          ro code  0x1004'aef8      0x40  smp_common.o [3]
  i.smp_Reset_Timer       ro code  0x1004'af38      0x20  securitymgr.o [3]
  i.smp____SR_PairingRequest_Receive
                          ro code  0x1004'af58     0x1c0  securitymgr.o [3]
  i.smp____SR_PairingConfirm_Receive
                          ro code  0x1004'b118      0x7c  securitymgr.o [3]
  i.smp____SR_PairingRandom_Receive
                          ro code  0x1004'b194     0x130  securitymgr.o [3]
  i.smp_Process_Rx_Packet_wrt_Current_State_MI_excerpt_ucfg
                          ro code  0x1004'b2c4       0x4  securitymgr.o [3]
  i.smp____Pairing_Process_Abort
                          ro code  0x1004'b2c8      0x74  smp_common.o [3]
  i.Mem_Buff_Get_Chain_Count
                          ro code  0x1004'b33c      0x14  mem_buff.o [3]
  i.Mem_Buff_Release      ro code  0x1004'b350      0x36  mem_buff.o [3]
  i.LL_Disconnect_Link    ro code  0x1004'b388      0x3c  ll_routines.o [3]
  i.Gatt_Server_Db_Check  ro code  0x1004'b3c4      0x34  gatt_server.o [3]
  i.List_Circular_Get_Size
                          ro code  0x1004'b3f8      0x14  rom_list.o [3]
  i.Get_GAP_Handle        ro code  0x1004'b40c      0x10  rom_gap_rom.o [3]
  i.GAP_Notify_Add_Charac
                          ro code  0x1004'b41c      0x70  rom_gap_rom.o [3]
  i.Check_Encry_Key_Size  ro code  0x1004'b48c      0x18  rom_gatt_server.o [3]
  i.L2C_Get_Connection_Info
                          ro code  0x1004'b4a4      0x34  l2cap.o [3]
  i.LL_Set_Data_Length    ro code  0x1004'b4d8      0xb0  ll_routines.o [3]
  i.LL_Data_Length_Update
                          ro code  0x1004'b588      0x38  ll_routines.o [3]
  i.is_connected          ro code  0x1004'b5c0      0x4c  rom_ll_ll_routines.o [3]
  i.MIN_U16               ro code  0x1004'b60c       0x8  ll_routines.o [3]
  i.char_copy             ro code  0x1004'b614      0x12  hal.o [3]
  i.Blue_Init_Global      ro code  0x1004'b628      0x9c  routines_support.o [3]
  i.LL_LE_Clear_White_List
                          ro code  0x1004'b6c4      0x28  ll_privacy.o [3]
  i.nsar_init             ro code  0x1004'b6ec      0x1c  multi_master_time.o [3]
  i.Mem_Buff_Init         ro code  0x1004'b708      0x6a  mem_buff.o [3]
  i.smp_sc_init_ucfg      ro code  0x1004'b772       0x2  smp_scv42_caf.o [3]
  i.hal_radio_activity_state_init
                          ro code  0x1004'b774      0x1c  hal.o [3]
  i.fifoCtrl_init         ro code  0x1004'b790       0xa  aci_events.o [3]
  i.smp_sc_is_any_other_sc_pairing_ongoing
                          ro code  0x1004'b79c      0x38  smp_scv42_caf.o [3]
  i.HAL_Flash_Store_Data  ro code  0x1004'b7d4      0x54  hal.o [3]
  i.is_Buffer_All_Set_To  ro code  0x1004'b828      0x1e  utils.o [3]
  i.Check_Permission      ro code  0x1004'b846      0xa0  att.o [3]
  i.PM_Check_And_Set      ro code  0x1004'b8e8      0x50  pm.o [3]
  i.Mem_Buff_Get          ro code  0x1004'b938      0x2e  mem_buff.o [3]
  i.PM_Resize_Pckt_Pdu_Size
                          ro code  0x1004'b968      0x6c  pm.o [3]
  i.PM_Write_Pckt_Data    ro code  0x1004'b9d4      0x12  pm.o [3]
  i.Select_Next_Notification_Client
                          ro code  0x1004'b9e8      0x50  gatt_server.o [3]
  i.Gatt_Add_Descriptor   ro code  0x1004'ba38     0x154  gatt_server.o [3]
  i.List_Circular_Remove_Head
                          ro code  0x1004'bb8c      0x1a  rom_list.o [3]
  i.LL_Enable_Disable_Adv
                          ro code  0x1004'bba8     0x25c  rom_ll_ll_routines.o [3]
  i.GAP_Privacy1v2        ro code  0x1004'be04     0x1d8  rom_gap.o [3]
  i.gapClearAllModeFlags  ro code  0x1004'bfdc      0x14  gap.o [3]
  i.advParamsCheckAndSet  ro code  0x1004'bff0      0x8c  gap.o [3]
  i.setGapAdvData         ro code  0x1004'c07c     0x100  gap.o [3]
  i.LL_Set_Adv_Params     ro code  0x1004'c17c     0x14c  rom_ll_ll_routines.o [3]
  i.get_advertiser        ro code  0x1004'c2c8      0x48  multi_master_time.o [3]
  i.get_scan_connection   ro code  0x1004'c310      0x48  multi_master_time.o [3]
  i.Find_Timed_Out_Connection
                          ro code  0x1004'c358      0x34  gatt_server.o [3]
  i.aci_gap_pairing_complete_event_push
                          ro code  0x1004'c38c      0x5c  smp_common.o [3]
  i.smp_sc_update_statistics_on_pairing_complete_ucfg
                          ro code  0x1004'c3e8       0x2  smp_scv42_caf.o [3]
  i.LL_Sleep_Req          ro code  0x1004'c3ec      0x58  bluenrg_main_func_speed.o [3]
  i.advance_slave_timing_MultiSlave
                          ro code  0x1004'c444     0x2cc  multi_master_time.o [3]
  i.microseconds_to_machine_time
                          ro code  0x1004'c710       0x8  routines_support.o [3]
  i.cancel_master         ro code  0x1004'c718      0x80  rom_ll_isr_routines.o [3]
  i.Hal_Get_Random_Number
                          ro code  0x1004'c798      0x3a  hal.o [3]
  i.LL_Update_Advertising_Buffers
                          ro code  0x1004'c7d4      0x4c  rom_ll_ll_routines.o [3]
  i.LL_Update_Scanning_Initiating_Buffers
                          ro code  0x1004'c820      0x48  rom_ll_ll_routines.o [3]
  .text                   ro code  0x1004'c868      0x20  ABImemmove.o [6]
  i.store_data            ro code  0x1004'c888      0x1e  gatt_server.o [3]
  i.SDB_flash_write_client_data
                          ro code  0x1004'c8a8      0xbc  sdb.o [3]
  i.sdb_read_record_validity
                          ro code  0x1004'c964      0x10  sdb.o [3]
  i.sdb_read_record       ro code  0x1004'c974      0x24  sdb.o [3]
  i.SM_Resolve_Private_Address
                          ro code  0x1004'c998      0x22  smp_algo_sap.o [3]
  i.sdb_find_client_data  ro code  0x1004'c9bc      0xc8  sdb.o [3]
  i.Timer_StartOneShot    ro code  0x1004'ca84      0x22  host_timer.o [3]
  i.PM_Copy_Pckt_Data     ro code  0x1004'caa6      0x12  pm.o [3]
  i.Pm_Resize_Host_Acl_Pckt
                          ro code  0x1004'cab8       0xe  att.o [3]
  i.Gatt_Find_Srv_Owner_Of_Handle
                          ro code  0x1004'cac8      0x48  gatt_server.o [3]
  i.PM_Pckt_Cmp           ro code  0x1004'cb10       0xa  pm.o [3]
  i.ATT_fill_type_val_entry
                          ro code  0x1004'cb1a      0x34  att.o [3]
  i.Accu_UuidTypes_Requiring_Auth
                          ro code  0x1004'cb4e      0xea  rom_att.o [3]
  i.aci_gatt_read_multi_permit_req_event_push
                          ro code  0x1004'cc38      0x68  att.o [3]
  i.aci_gatt_read_permit_req_event_push
                          ro code  0x1004'cca0      0x50  att.o [3]
  i.Accu_Handles_Requiring_Auth
                          ro code  0x1004'ccf0      0x6e  rom_att.o [3]
  i.Gatt_Find_Srv_From_Handle
                          ro code  0x1004'cd60      0x2c  gatt_server.o [3]
  i.aci_gatt_write_permit_req_event_push
                          ro code  0x1004'cd8c      0x6c  att.o [3]
  i.aci_gatt_attribute_modified_event_push
                          ro code  0x1004'cdf8      0x78  att.o [3]
  i.acl_list_full_on_packt
                          ro code  0x1004'ce70      0x26  acl_list.o [3]
  i.PM_Clone_Pckt         ro code  0x1004'ce96      0x22  pm.o [3]
  i.acl_list_insert_tail  ro code  0x1004'ceb8      0x2c  acl_list.o [3]
  i.ATT_validate_prepare_req
                          ro code  0x1004'cee4      0xa2  att.o [3]
  i.SMP_Validate_Signed_Packet
                          ro code  0x1004'cf86      0x7a  smp_common.o [3]
  i.CheckSecForSignedWrite
                          ro code  0x1004'd000      0x2c  att.o [3]
  i.LL_Encrypt_Plain_Data_ucfg
                          ro code  0x1004'd02c      0xa0  ll_routines_support.o [3]
  i.SMA_Generate_IRK      ro code  0x1004'd0cc      0x28  smp_algo_sap.o [3]
  i.smp_get_local_identity_address
                          ro code  0x1004'd0f4      0x40  smp_common.o [3]
  i.smp_send_packet       ro code  0x1004'd134      0x1e  securitymgr.o [3]
  i.SMA_Generate_CSRK     ro code  0x1004'd154      0x28  smp_algo_sap.o [3]
  i.smp_add_to_sdb        ro code  0x1004'd17c     0x14c  smp_common.o [3]
  i.aci_gap_authorization_req_event_push
                          ro code  0x1004'd2c8      0x54  smp_common.o [3]
  i.smp_pairing_2octets_packet_send
                          ro code  0x1004'd31c      0x36  smp_common.o [3]
  i.smp_Check_Incoming_Pairing_Parameters
                          ro code  0x1004'd354      0x3c  securitymgr.o [3]
  i.smp_Build_AuthReq_Field
                          ro code  0x1004'd390      0x18  securitymgr.o [3]
  i.smp_sc_continue_on_exclusive_sc_pairing_ucfg
                          ro code  0x1004'd3a8       0x4  smp_scv42_caf.o [3]
  i.smp_oob_check_is_remote_data_present
                          ro code  0x1004'd3ac      0x3c  smp_common.o [3]
  i.smp_Get_Pairing_Parameters_From_Peer_Packet
                          ro code  0x1004'd3e8      0x88  securitymgr.o [3]
  i.smp_Set_Key_Association_Method
                          ro code  0x1004'd470      0x78  securitymgr.o [3]
  i.smp_Build_Pairing_ReqResp_Packet
                          ro code  0x1004'd4e8      0x44  securitymgr.o [3]
  i.smp_sc_SR_PairingConfirm_Receive_sc_excerpt_ucfg
                          ro code  0x1004'd52c       0x2  securitymgr.o [3]
  i.smp_SR_Compute_c1_Confirm_Value
                          ro code  0x1004'd530     0x174  securitymgr.o [3]
  i.smp_sc_SR_PairingRandom_Receive_sc_excerpt_ucfg
                          ro code  0x1004'd6a4       0x2  securitymgr.o [3]
  i.int32ToLe4Byte        ro code  0x1004'd6a6      0x10  securitymgr.o [3]
  i.SMA_LP_s1_Generate_STK
                          ro code  0x1004'd6b6      0x28  smp_algo_sap.o [3]
  i.sm_RepeatedAttacks_Protection
                          ro code  0x1004'd6e0     0x110  securitymgr.o [3]
  i.GATT_Num_Charac_Present
                          ro code  0x1004'd7f0      0x3a  rom_gatt_server.o [3]
  i.LL_Send_Length_Req    ro code  0x1004'd82c      0xd0  ll_routines.o [3]
  i.Blue_Set_Radio_Config_Data
                          ro code  0x1004'd8fc      0x24  rom_ll_routines_support.o [3]
  i.SM_Get_Link_Status    ro code  0x1004'd920      0x2e  smp_common.o [3]
  i.SM_Check_Encryption_KeySize
                          ro code  0x1004'd94e      0x20  smp_common.o [3]
  i.Mem_Buff_Get_Chain_Size
                          ro code  0x1004'd96e      0x14  mem_buff.o [3]
  i.Mem_Buff_Resize       ro code  0x1004'd982      0x8e  mem_buff.o [3]
  i.Mem_Buff_Write        ro code  0x1004'da10      0x68  mem_buff.o [3]
  i.get_next_free_slot    ro code  0x1004'da78      0x34  multi_master_time.o [3]
  i.LL_Set_Advertising_Buffers
                          ro code  0x1004'daac      0x88  rom_ll_ll_routines.o [3]
  i.LL_Set_Adv_PDU_Format
                          ro code  0x1004'db34      0xd0  rom_ll_ll_routines.o [3]
  i.schedule_advertise_slot
                          ro code  0x1004'dc04      0xb4  multi_master_time.o [3]
  i.LL_Allow_Address_Setting
                          ro code  0x1004'dcb8      0x42  rom_ll_ll_routines.o [3]
  i.LL_Get_AdvAddress     ro code  0x1004'dcfc      0x40  rom_ll_ll_routines.o [3]
  i.LL_Get_ScanAddress    ro code  0x1004'dd3c      0x40  rom_ll_ll_routines.o [3]
  i.Generate_Non_Resolvable_Private_Address
                          ro code  0x1004'dd7c      0x88  rom_gap.o [3]
  i.SM_Generate_Resolvable_Private_Address
                          ro code  0x1004'de04      0x4e  smp_algo_sap.o [3]
  i.LL_Get_Adv_Tx_Power_Level
                          ro code  0x1004'de54      0x18  rom_ll_routines_support.o [3]
  i.LL_Set_Adv_Data       ro code  0x1004'de6c      0x78  rom_ll_ll_routines.o [3]
  i.Is_Address_Initialized
                          ro code  0x1004'dee4      0x18  rom_ll_ll_routines.o [3]
  i.LL_Check_And_Set_Addresses
                          ro code  0x1004'defc     0x1f0  rom_ll_ll_routines.o [3]
  i.set_sca               ro code  0x1004'e0ec      0x1c  rom_ll_timehandling.o [3]
  i.WindowWiden1          ro code  0x1004'e108       0xa  rom_ll_timehandling.o [3]
  i.time_offset1          ro code  0x1004'e112       0xe  rom_ll_timehandling.o [3]
  i.modulo_37             ro code  0x1004'e120      0x1c  rom_ll_routines_support.o [3]
  i.swap_slaves           ro code  0x1004'e13c     0x13c  routines_support.o [3]
  i.WindowWiden2          ro code  0x1004'e278      0x10  rom_ll_timehandling.o [3]
  i.time_offset2          ro code  0x1004'e288      0x10  rom_ll_timehandling.o [3]
  i.set_string            ro code  0x1004'e298      0x10  hal.o [3]
  i.cancel_slave          ro code  0x1004'e2a8      0xc4  isr_routines.o [3]
  i.cancel_connect_master_ucfg
                          ro code  0x1004'e36c       0x4  rom_ll_isr_routines.o [3]
  i.cancel_current_master
                          ro code  0x1004'e370     0x1a8  multi_master_time.o [3]
  i.isr_event_handler     ro code  0x1004'e518     0x600  ll_routines_master.o [3]
  i.Write_Client_Data     ro code  0x1004'eb18     0x1b0  sdb.o [3]
  i.sdb_delete            ro code  0x1004'ecc8     0x164  sdb.o [3]
  i.int32ToLe4Byte        ro code  0x1004'ee2c      0x10  sdb.o [3]
  i.sma_Calculate_Hash    ro code  0x1004'ee3c      0x38  smp_algo_sap.o [3]
  i.sdb_get_gatt_db_start_address
                          ro code  0x1004'ee74      0x18  sdb.o [3]
  i.Mem_Buff_Read         ro code  0x1004'ee8c      0x62  mem_buff.o [3]
  i.Mem_Buff_Cmp          ro code  0x1004'eeee      0x78  mem_buff.o [3]
  i.Mem_Buff_Clone        ro code  0x1004'ef66      0x32  mem_buff.o [3]
  i.smp_get_CSRK          ro code  0x1004'ef98      0x1e  smp_common.o [3]
  i.sma_CMAC_generate_tag
                          ro code  0x1004'efb6      0xca  smp_algo_sap.o [3]
  i.encrypt               ro code  0x1004'f080      0x74  ll_isr.o [3]
  i.SDB_Add_Record        ro code  0x1004'f0f4     0x184  sdb.o [3]
  i.smp_Determine_Key_Association_Method
                          ro code  0x1004'f278      0xb8  securitymgr.o [3]
  i.LL_Get_Address        ro code  0x1004'f330      0x30  rom_ll_ll_routines.o [3]
  i.adapt_slot            ro code  0x1004'f360     0x260  multi_master_time.o [3]
  i.start_timebase        ro code  0x1004'f5c0      0xbc  multi_master_time.o [3]
  i.convert_power         ro code  0x1004'f67c      0x24  rom_ll_routines_support.o [3]
  i.PRIVWHIT_u8SearchAddrInList
                          ro code  0x1004'f6a0      0x84  ll_privacy.o [3]
  i.PRIV_vGeneratePrivateAddress_ucfg
                          ro code  0x1004'f724       0x2  ll_privacy.o [3]
  i.LL_Set_DirectAddress  ro code  0x1004'f728      0x38  rom_ll_ll_routines.o [3]
  i.LL_Set_OwnAddress     ro code  0x1004'f760      0x24  rom_ll_ll_routines.o [3]
  .text                   ro code  0x1004'f784      0x16  uread4.o [6]
  i.swap_u8               ro code  0x1004'f79a       0xa  routines_support.o [3]
  i.swap_u32              ro code  0x1004'f7a4       0xa  routines_support.o [3]
  i.swap_u16              ro code  0x1004'f7ae       0xa  routines_support.o [3]
  i.LL_update_proc        ro code  0x1004'f7b8      0x98  rom_ll_isr_routines.o [3]
  i.swap_u16              ro code  0x1004'f850       0xa  multi_master_time.o [3]
  i.PRIV_vGenerate_hci_le_enhanced_connection_complete_event_ucfg
                          ro code  0x1004'f85a       0x2  ll_privacy.o [3]
  i.hci_le_connection_complete_event_push
                          ro code  0x1004'f85c      0x88  ll_routines_master.o [3]
  i.hci_encryption_key_refresh_complete_event_push
                          ro code  0x1004'f8e4      0x58  ll_routines_master.o [3]
  i.hci_encryption_change_event_push
                          ro code  0x1004'f93c      0x5c  ll_routines_master.o [3]
  i.Acl_Tx_Cmpl_Pkt_Handler
                          ro code  0x1004'f998      0x44  acl.o [3]
  i.hci_le_connection_update_complete_event_push
                          ro code  0x1004'f9dc      0x6c  ll_routines_master.o [3]
  i.isr_event_handler_scan_data_ucfg
                          ro code  0x1004'fa48       0x2  ll_routines_master.o [3]
  i.Reclassify_All_Channels_ucfg
                          ro code  0x1004'fa4a       0x2  ll_routines_master.o [3]
  i.Mem_Buff_Block_Write  ro code  0x1004'fa4c      0x56  mem_buff.o [3]
  i.Acl_Rcv_Pkt_Handler   ro code  0x1004'faa4      0x3c  acl.o [3]
  i.get_scan_addr         ro code  0x1004'fae0      0x14  rom_ll_isr_routines.o [3]
  i.sdb_invalidate_record
                          ro code  0x1004'faf4      0x20  sdb.o [3]
  i.Flash_Write_Flagged   ro code  0x1004'fb14      0x3c  nvm.o [3]
  i.Erase_Sector          ro code  0x1004'fb50       0xe  sdb.o [3]
  i.sdb_write_record      ro code  0x1004'fb60      0x7c  sdb.o [3]
  i.sma_generate_subkeys  ro code  0x1004'fbdc      0x80  smp_algo_sap.o [3]
  i.int32ToLe4Byte        ro code  0x1004'fc5c      0x10  rom_ll_ll_routines.o [3]
  i.nsar_updateSlotListEntry
                          ro code  0x1004'fc6c      0x6c  multi_master_time.o [3]
  i.nsar_insertSlotListEntry
                          ro code  0x1004'fcd8      0x20  multi_master_time.o [3]
  i.nsar_searchBestFreeSlot
                          ro code  0x1004'fcf8      0xc4  multi_master_time.o [3]
  i.addr_u32_from_u8      ro code  0x1004'fdbc      0x20  rom_ll_ll_routines.o [3]
  i.addr_u32_from_u8      ro code  0x1004'fddc      0x1e  rom_ll_isr_routines.o [3]
  i.Delay_With_NOP_Cycles
                          ro code  0x1004'fdfa       0xe  utils.o [3]
  i.sma_left_shift        ro code  0x1004'fe08      0x2c  smp_algo_sap.o [3]
  i.nsar_updateBestFreeSlot
                          ro code  0x1004'fe34      0x22  multi_master_time.o [3]
  i.le4ByteToInt32        ro code  0x1004'fe56      0x16  rom_ll_ll_routines.o [3]
  i.le4ByteToInt32        ro code  0x1004'fe6c      0x16  rom_ll_isr_routines.o [3]
  i.le2ByteToInt16        ro code  0x1004'fe82       0xa  rom_ll_isr_routines.o [3]
  i.isr_connect_slave_state
                          ro code  0x1004'fe8c     0x7d4  ll_isr.o [3]
  i.unpack_update_request
                          ro code  0x1005'0660      0x48  rom_ll_isr_routines.o [3]
  i.unpack_channel_map    ro code  0x1005'06a8      0x2e  rom_ll_isr_routines.o [3]
  i.LL_receive_data       ro code  0x1005'06d8      0x94  isr_routines.o [3]
  i.isr_Acl_Data_TX_Cmpl_Queue_Full
                          ro code  0x1005'076c      0x20  acl.o [3]
  i.isr_postproc1         ro code  0x1005'078c     0x110  rom_ll_isr_postproc.o [3]
  i.isr_Acl_Data_Indication_Queue_Full
                          ro code  0x1005'089c      0x20  acl.o [3]
  i.wait_for_aes_ready    ro code  0x1005'08bc      0x24  rom_ll_isr_postproc.o [3]
  i.copy_4_u32            ro code  0x1005'08e0      0x12  ll_isr.o [3]
  i.isr_postproc_encrypt_data
                          ro code  0x1005'08f2      0x16  rom_ll_isr_postproc.o [3]
  i.isr_advertise_state   ro code  0x1005'0908     0x390  ll_isr.o [3]
  i.PRIV_u32ProcessAdvPacket_ucfg
                          ro code  0x1005'0c98       0x4  ll_privacy.o [3]
  i.get_adv_addr          ro code  0x1005'0c9c      0x14  rom_ll_isr_routines.o [3]
  i.PRIV_SearchAddrInWhiteList
                          ro code  0x1005'0cb0      0x58  ll_privacy.o [3]
  i.go_to_connect         ro code  0x1005'0d08     0x298  rom_ll_isr_routines.o [3]
  i.__ARM_common_memcpy1_6
                          ro code  0x1005'0fa0      0x1a  ll_isr.o [3]
  i.timebase_start_connect
                          ro code  0x1005'0fbc      0x3c  multi_master_time.o [3]
  .text                   ro code  0x1005'0ff8     0x288  SDK_EVAL_I2C.o [1]
  .text                   ro code  0x1005'1280     0x138  BlueNRG1_i2c.o [1]
  i.RAL_Isr               ro code  0x1005'13b8     0x21c  ll_isr.o [3]
  i.Timer_ExpiryCallback  ro code  0x1005'15d4      0x14  host_timer.o [3]
  i.Is_Flash_Write_On_Going
                          ro code  0x1005'15e8      0x10  nvm.o [3]
  i.read_rssi             ro code  0x1005'15f8      0x7c  ll_routines.o [3]
  i.isr_postproc          ro code  0x1005'1674     0x1f4  isr_postproc.o [3]
  i.Hal_Get_Random_Number32
                          ro code  0x1005'1868      0x12  hal.o [3]
  .text                   ro code  0x1005'187c     0x218  LPS25HB.o [1]
  .text                   ro code  0x1005'1a94      0xaa  FltDiv.o [5]
  .text                   ro code  0x1005'1b3e     0x120  FltAddSub.o [5]
  i.Gatt_Server_L2C_Handler
                          ro code  0x1005'1c60     0x200  gatt_server.o [3]
  i.L2C_Signal_Channel_Handler
                          ro code  0x1005'1e60     0x1b4  l2cap.o [3]
  i.L2C_Get_Connection_Info_Index
                          ro code  0x1005'2014      0x30  l2cap.o [3]
  i.aci_l2cap_connection_update_req_event_push
                          ro code  0x1005'2044      0x98  l2cap.o [3]
  i.L2C_Build_Command_Reject_Pdu
                          ro code  0x1005'20dc      0x7c  l2cap.o [3]
  i.SM_L2CAP_Handler_ISR  ro code  0x1005'2158     0x158  smp_common.o [3]
  i.SM_Connection_Complete_Handler
                          ro code  0x1005'22b0      0x80  smp_common.o [3]
  .constdata              const    0x1005'2330     0x11c  aci_events.o [3]
  i.SM_L2CAP_Encryption_changed_Handler_ISR
                          ro code  0x1005'244c     0x114  smp_common.o [3]
  i.SM_L2CAP_Handler      ro code  0x1005'2560      0xf4  smp_common.o [3]
  i.smp_Keys_Distribution_Complete
                          ro code  0x1005'2654      0x34  smp_common.o [3]
  i.smp_MI_Start_Encryption_ucfg
                          ro code  0x1005'2688       0x4  securitymgr.o [3]
  i.Mem_Buff_Compact      ro code  0x1005'268c      0xba  mem_buff.o [3]
  i.L2C_Rcv_Data          ro code  0x1005'2746      0xa6  l2cap.o [3]
  i.PM_Extract_Pdu_MBuff  ro code  0x1005'27ec       0xc  pm.o [3]
  i.Mem_Buff_Append       ro code  0x1005'27f8      0x12  mem_buff.o [3]
  i.PM_Compact            ro code  0x1005'280c      0x54  pm.o [3]
  i.L2C_Get_PDU_Len       ro code  0x1005'2860       0xe  l2cap.o [3]
  i.L2C_Mux_Acl_Packet    ro code  0x1005'286e      0x58  l2cap.o [3]
  i.L2C_discard_corrupted_acl_packet
                          ro code  0x1005'28c8      0x5c  l2cap.o [3]
  i.L2C_Reset_To_Closed_State
                          ro code  0x1005'2924      0x7c  l2cap.o [3]
  i.aci_gap_proc_complete_event_push
                          ro code  0x1005'29a0      0x74  gap.o [3]
  i.hci_rx_acl_data       ro code  0x1005'2a14      0x6c  hci.o [3]
  i.GAP_Connection_Complete_Handler
                          ro code  0x1005'2a80      0x68  gap.o [3]
  i.GAP_LL_Event_Handler_ISR
                          ro code  0x1005'2ae8      0x68  gap.o [3]
  i._GAP_Parse_Advertising_Report
                          ro code  0x1005'2b50      0x64  gap.o [3]
  i.isr_test_tx_state     ro code  0x1005'2bb4      0x68  ll_isr.o [3]
  .text                   ro code  0x1005'2c1c      0x5e  BlueNRG1_it.o [1]
  .text                   ro code  0x1005'2c7c      0x10  clock.o [1]
  i.int_cb_hci_acl_data_tx_cmpl_event
                          ro code  0x1005'2c8c      0x54  acl.o [3]
  i.hci_tx_acl_data_done  ro code  0x1005'2ce0      0x48  hci.o [3]
  i.L2C_Rcv_Event_Handler
                          ro code  0x1005'2d28      0x1e  l2cap.o [3]
  i.L2C_Rcv_Event_Handler_ISR
                          ro code  0x1005'2d46      0x52  l2cap.o [3]
  i.L2C_Connection_Complete_Handler
                          ro code  0x1005'2d98      0x24  l2cap.o [3]
  i.Gatt_Server_L2C_Handler_ISR
                          ro code  0x1005'2dbc      0x4c  gatt_server.o [3]
  i.L2C_Signal_Channel_Handler_ISR
                          ro code  0x1005'2e08      0x24  l2cap.o [3]
  i.GATT_Connection_Complete_Handler
                          ro code  0x1005'2e2c      0x44  gatt_server.o [3]
  i.L2C_Connection_Complete_Signal_Handler
                          ro code  0x1005'2e70      0x2a  l2cap.o [3]
  i.cb_hci_le_enhanced_connection_complete_event
                          ro code  0x1005'2e9c      0x4c  aci_events.o [3]
  i.hci_le_enhanced_connection_complete_event
                          ro code  0x1005'2ee8       0x2  aci_events.o [3]
  i.cb_hci_le_connection_complete_event
                          ro code  0x1005'2eec      0x44  aci_events.o [3]
  i.int_cb_hci_acl_data_ind_event
                          ro code  0x1005'2f30      0x40  acl.o [3]
  .text                   ro code  0x1005'2f70      0x3c  zero_init3.o [6]
  i.isr_test_rx_state     ro code  0x1005'2fac      0x38  ll_isr.o [3]
  .rodata                 const    0x1005'2fe4      0x34  SensorDemo_main.o [1]
  i.cb_aci_l2cap_connection_update_req_event
                          ro code  0x1005'3018      0x34  aci_events.o [3]
  i.aci_l2cap_connection_update_req_event
                          ro code  0x1005'304c       0x2  aci_events.o [3]
  i.cb_hci_le_connection_update_complete_event
                          ro code  0x1005'3050      0x30  aci_events.o [3]
  i.hci_le_connection_update_complete_event
                          ro code  0x1005'3080       0x2  aci_events.o [3]
  i.cb_hci_le_data_length_change_event
                          ro code  0x1005'3084      0x30  aci_events.o [3]
  i.cb_aci_att_prepare_write_resp_event
                          ro code  0x1005'30b4      0x2c  aci_events.o [3]
  i.aci_att_prepare_write_resp_event
                          ro code  0x1005'30e0       0x2  aci_events.o [3]
  i.cb_aci_gatt_attribute_modified_event
                          ro code  0x1005'30e4      0x2c  aci_events.o [3]
  i.cb_hci_le_read_remote_used_features_complete_event
                          ro code  0x1005'3110      0x2c  aci_events.o [3]
  i.hci_le_read_remote_used_features_complete_event
                          ro code  0x1005'313c       0x2  aci_events.o [3]
  i.isr_unknown_state     ro code  0x1005'3140      0x2c  ll_isr.o [3]
  i.cb_aci_att_find_info_resp_event
                          ro code  0x1005'316c      0x28  aci_events.o [3]
  i.aci_att_find_info_resp_event
                          ro code  0x1005'3194       0x2  aci_events.o [3]
  i.cb_aci_att_read_by_group_type_resp_event
                          ro code  0x1005'3198      0x28  aci_events.o [3]
  i.aci_att_read_by_group_type_resp_event
                          ro code  0x1005'31c0       0x2  aci_events.o [3]
  i.cb_aci_att_read_by_type_resp_event
                          ro code  0x1005'31c4      0x28  aci_events.o [3]
  i.aci_att_read_by_type_resp_event
                          ro code  0x1005'31ec       0x2  aci_events.o [3]
  i.cb_aci_gap_proc_complete_event
                          ro code  0x1005'31f0      0x28  aci_events.o [3]
  i.aci_gap_proc_complete_event
                          ro code  0x1005'3218       0x2  aci_events.o [3]
  i.cb_aci_gatt_disc_read_char_by_uuid_resp_event
                          ro code  0x1005'321c      0x28  aci_events.o [3]
  i.aci_gatt_disc_read_char_by_uuid_resp_event
                          ro code  0x1005'3244       0x2  aci_events.o [3]
  i.cb_aci_gatt_error_resp_event
                          ro code  0x1005'3248      0x28  aci_events.o [3]
  i.aci_gatt_error_resp_event
                          ro code  0x1005'3270       0x2  aci_events.o [3]
  i.cb_aci_gatt_indication_event
                          ro code  0x1005'3274      0x28  aci_events.o [3]
  i.aci_gatt_indication_event
                          ro code  0x1005'329c       0x2  aci_events.o [3]
  i.cb_aci_gatt_notification_event
                          ro code  0x1005'32a0      0x28  aci_events.o [3]
  i.aci_gatt_notification_event
                          ro code  0x1005'32c8       0x2  aci_events.o [3]
  i.cb_hci_le_generate_dhkey_complete_event
                          ro code  0x1005'32cc      0x28  aci_events.o [3]
  i.hci_le_generate_dhkey_complete_event
                          ro code  0x1005'32f4       0x2  aci_events.o [3]
  i.cb_hci_le_long_term_key_request_event
                          ro code  0x1005'32f8      0x28  aci_events.o [3]
  i.hci_le_long_term_key_request_event
                          ro code  0x1005'3320       0x2  aci_events.o [3]
  i.cb_hci_le_read_local_p256_public_key_complete_event
                          ro code  0x1005'3324      0x28  aci_events.o [3]
  i.hci_le_read_local_p256_public_key_complete_event
                          ro code  0x1005'334c       0x2  aci_events.o [3]
  i.cb_hci_read_remote_version_information_complete_event
                          ro code  0x1005'3350      0x28  aci_events.o [3]
  i.hci_read_remote_version_information_complete_event
                          ro code  0x1005'3378       0x2  aci_events.o [3]
  .text                   ro code  0x1005'337c      0x28  data_init.o [6]
  i.int_cb_hci_disconnection_complete_event
                          ro code  0x1005'33a4      0x26  aci_events.o [3]
  i.int_cb_hci_le_connection_complete_event
                          ro code  0x1005'33ca      0x26  aci_events.o [3]
  i.int_cb_hci_le_enhanced_connection_complete_event
                          ro code  0x1005'33f0      0x26  aci_events.o [3]
  i.cb_aci_att_exchange_mtu_resp_event
                          ro code  0x1005'3418      0x24  aci_events.o [3]
  i.cb_aci_att_find_by_type_value_resp_event
                          ro code  0x1005'343c      0x24  aci_events.o [3]
  i.aci_att_find_by_type_value_resp_event
                          ro code  0x1005'3460       0x2  aci_events.o [3]
  i.cb_aci_att_read_blob_resp_event
                          ro code  0x1005'3464      0x24  aci_events.o [3]
  i.aci_att_read_blob_resp_event
                          ro code  0x1005'3488       0x2  aci_events.o [3]
  i.cb_aci_att_read_multiple_resp_event
                          ro code  0x1005'348c      0x24  aci_events.o [3]
  i.aci_att_read_multiple_resp_event
                          ro code  0x1005'34b0       0x2  aci_events.o [3]
  i.cb_aci_att_read_resp_event
                          ro code  0x1005'34b4      0x24  aci_events.o [3]
  i.aci_att_read_resp_event
                          ro code  0x1005'34d8       0x2  aci_events.o [3]
  i.cb_aci_att_write_resp_event
                          ro code  0x1005'34dc      0x24  aci_events.o [3]
  i.aci_att_write_resp_event
                          ro code  0x1005'3500       0x2  aci_events.o [3]
  i.cb_aci_gap_keypress_notification_event
                          ro code  0x1005'3504      0x24  aci_events.o [3]
  i.aci_gap_keypress_notification_event
                          ro code  0x1005'3528       0x2  aci_events.o [3]
  i.cb_aci_gap_numeric_comparison_value_event
                          ro code  0x1005'352c      0x24  aci_events.o [3]
  i.aci_gap_numeric_comparison_value_event
                          ro code  0x1005'3550       0x2  aci_events.o [3]
  i.cb_aci_gap_pairing_complete_event
                          ro code  0x1005'3554      0x24  aci_events.o [3]
  i.aci_gap_pairing_complete_event
                          ro code  0x1005'3578       0x2  aci_events.o [3]
  i.cb_aci_gatt_proc_complete_event
                          ro code  0x1005'357c      0x24  aci_events.o [3]
  i.aci_gatt_proc_complete_event
                          ro code  0x1005'35a0       0x2  aci_events.o [3]
  i.cb_aci_hal_scan_req_report_event
                          ro code  0x1005'35a4      0x24  aci_events.o [3]
  i.aci_hal_scan_req_report_event
                          ro code  0x1005'35c8       0x2  aci_events.o [3]
  i.cb_aci_l2cap_connection_update_resp_event
                          ro code  0x1005'35cc      0x24  aci_events.o [3]
  i.aci_l2cap_connection_update_resp_event
                          ro code  0x1005'35f0       0x2  aci_events.o [3]
  i.cb_aci_l2cap_proc_timeout_event
                          ro code  0x1005'35f4      0x24  aci_events.o [3]
  i.aci_l2cap_proc_timeout_event
                          ro code  0x1005'3618       0x2  aci_events.o [3]
  i.cb_hci_disconnection_complete_event
                          ro code  0x1005'361c      0x24  aci_events.o [3]
  i.cb_hci_encryption_change_event
                          ro code  0x1005'3640      0x24  aci_events.o [3]
  i.hci_encryption_change_event
                          ro code  0x1005'3664       0x2  aci_events.o [3]
  i.cb_hci_encryption_key_refresh_complete_event
                          ro code  0x1005'3668      0x24  aci_events.o [3]
  i.hci_encryption_key_refresh_complete_event
                          ro code  0x1005'368c       0x2  aci_events.o [3]
  i.cb_hci_le_advertising_report_event
                          ro code  0x1005'3690      0x24  aci_events.o [3]
  i.hci_le_advertising_report_event
                          ro code  0x1005'36b4       0x2  aci_events.o [3]
  i.cb_hci_le_direct_advertising_report_event
                          ro code  0x1005'36b8      0x24  aci_events.o [3]
  i.hci_le_direct_advertising_report_event
                          ro code  0x1005'36dc       0x2  aci_events.o [3]
  .iar.init_table         const    0x1005'36e0      0x78  - Linker created -
  i.cb_aci_att_exec_write_resp_event
                          ro code  0x1005'3758      0x20  aci_events.o [3]
  i.aci_att_exec_write_resp_event
                          ro code  0x1005'3778       0x2  aci_events.o [3]
  i.cb_aci_gap_addr_not_resolved_event
                          ro code  0x1005'377c      0x20  aci_events.o [3]
  i.aci_gap_addr_not_resolved_event
                          ro code  0x1005'379c       0x2  aci_events.o [3]
  i.cb_aci_gap_authorization_req_event
                          ro code  0x1005'37a0      0x20  aci_events.o [3]
  i.aci_gap_authorization_req_event
                          ro code  0x1005'37c0       0x2  aci_events.o [3]
  i.cb_aci_gap_device_found_event
                          ro code  0x1005'37c4      0x20  aci_events.o [3]
  i.aci_gap_device_found_event
                          ro code  0x1005'37e4       0x2  aci_events.o [3]
  i.cb_aci_gap_pass_key_req_event
                          ro code  0x1005'37e8      0x20  aci_events.o [3]
  i.aci_gap_pass_key_req_event
                          ro code  0x1005'3808       0x2  aci_events.o [3]
  i.cb_aci_gatt_proc_timeout_event
                          ro code  0x1005'380c      0x20  aci_events.o [3]
  i.aci_gatt_proc_timeout_event
                          ro code  0x1005'382c       0x2  aci_events.o [3]
  .text                   ro code  0x1005'3830      0x1e  cmain.o [6]
  .text                   ro code  0x1005'384e       0x8  exit.o [2]
  .text                   ro code  0x1005'3858       0xa  cexit.o [6]
  .text                   ro code  0x1005'3864      0x14  exit.o [7]
  i.int_cb_hci_le_advertising_report_event
                          ro code  0x1005'3878      0x1e  aci_events.o [3]
  i.int_cb_hci_le_direct_advertising_report_event
                          ro code  0x1005'3896      0x1e  aci_events.o [3]
  i.cb_aci_gap_bond_lost_event
                          ro code  0x1005'38b4      0x1c  aci_events.o [3]
  i.aci_gap_bond_lost_event
                          ro code  0x1005'38d0       0x2  aci_events.o [3]
  i.cb_aci_gap_limited_discoverable_event
                          ro code  0x1005'38d4      0x1c  aci_events.o [3]
  i.aci_gap_limited_discoverable_event
                          ro code  0x1005'38f0       0x2  aci_events.o [3]
  i.cb_aci_gap_slave_security_initiated_event
                          ro code  0x1005'38f4      0x1c  aci_events.o [3]
  i.aci_gap_slave_security_initiated_event
                          ro code  0x1005'3910       0x2  aci_events.o [3]
  i.int_cb_hci_encryption_change_event
                          ro code  0x1005'3912      0x1a  aci_events.o [3]
  i.int_cb_hci_encryption_key_refresh_complete_event
                          ro code  0x1005'392c      0x1a  aci_events.o [3]
  i.int_cb_hci_le_generate_dhkey_complete_event
                          ro code  0x1005'3946      0x1a  aci_events.o [3]
  i.smp_sc_hci_le_generate_dhkey_complete_evt_hndl_ucfg
                          ro code  0x1005'3960       0x2  smp_scv42_sap.o [3]
  i.int_cb_hci_le_read_local_p256_public_key_complete_event
                          ro code  0x1005'3962      0x1a  aci_events.o [3]
  i.smp_sc_hci_le_read_local_p256_public_key_complete_evt_hndl_ucfg
                          ro code  0x1005'397c       0x2  smp_scv42_sap.o [3]
  .constdata              const    0x1005'3980      0x19  securitymgr.o [3]
  i.cb_aci_gatt_prepare_write_permit_req_event
                          ro code  0x1005'399a      0x16  aci_events.o [3]
  i.aci_gatt_prepare_write_permit_req_event
                          ro code  0x1005'39b0       0x2  aci_events.o [3]
  i.cb_aci_l2cap_command_reject_event
                          ro code  0x1005'39b2      0x16  aci_events.o [3]
  i.aci_l2cap_command_reject_event
                          ro code  0x1005'39c8       0x2  aci_events.o [3]
  i.cb_hci_rx_acl_data_event
                          ro code  0x1005'39ca      0x16  aci_events.o [3]
  i.hci_rx_acl_data_event
                          ro code  0x1005'39e0       0x4  aci_events.o [3]
  i.cb_aci_gatt_write_permit_req_event
                          ro code  0x1005'39e4      0x12  aci_events.o [3]
  i.aci_gatt_write_permit_req_event
                          ro code  0x1005'39f6       0x2  aci_events.o [3]
  .constdata              const    0x1005'39f8      0x10  rom_ll_timehandling.o [3]
  .constdata              const    0x1005'3a08      0x10  att.o [3]
  i.cb_aci_gatt_read_multi_permit_req_event
                          ro code  0x1005'3a18      0x10  aci_events.o [3]
  i.aci_gatt_read_multi_permit_req_event
                          ro code  0x1005'3a28       0x2  aci_events.o [3]
  i.cb_aci_gatt_read_permit_req_event
                          ro code  0x1005'3a2a      0x10  aci_events.o [3]
  i.cb_aci_hal_fw_error_event
                          ro code  0x1005'3a3a      0x10  aci_events.o [3]
  i.aci_hal_fw_error_event
                          ro code  0x1005'3a4a       0x2  aci_events.o [3]
  i.int_cb_hci_le_data_length_change_event
                          ro code  0x1005'3a4c      0x10  aci_events.o [3]
  i.cb_aci_gatt_tx_pool_available_event
                          ro code  0x1005'3a5c       0xe  aci_events.o [3]
  i.aci_gatt_tx_pool_available_event
                          ro code  0x1005'3a6a       0x2  aci_events.o [3]
  .rodata                 const    0x1005'3a6c       0xc  SDK_EVAL_Config.o [1]
  .text                   ro code  0x1005'3a78       0xc  cstartup_M.o [6]
  i.int_cb_hci_le_long_term_key_request_event
                          ro code  0x1005'3a84       0xc  aci_events.o [3]
  i.cb_aci_gatt_server_confirmation_event
                          ro code  0x1005'3a90       0xa  aci_events.o [3]
  i.aci_gatt_server_confirmation_event
                          ro code  0x1005'3a9a       0x2  aci_events.o [3]
  i.cb_hci_number_of_completed_packets_event
                          ro code  0x1005'3a9c       0xa  aci_events.o [3]
  i.hci_number_of_completed_packets_event
                          ro code  0x1005'3aa6       0x2  aci_events.o [3]
  .rodata                 const    0x1005'3aa8       0x4  SDK_EVAL_Config.o [1]
  .rodata                 const    0x1005'3aac       0x4  SDK_EVAL_Config.o [1]
  .rodata                 const    0x1005'3ab0       0x4  SDK_EVAL_Config.o [1]
  .rodata                 const    0x1005'3ab4       0x4  SDK_EVAL_Config.o [1]
  .rodata                 const    0x1005'3ab8       0x4  SDK_EVAL_Config.o [1]
  .rodata                 const    0x1005'3abc       0x4  SDK_EVAL_Config.o [1]
  .rodata                 const    0x1005'3ac0       0x4  SDK_EVAL_Config.o [1]
  .rodata                 const    0x1005'3ac4       0x4  SDK_EVAL_Config.o [1]
  .rodata                 const    0x1005'3ac8       0x4  SDK_EVAL_Config.o [1]
  .rodata                 const    0x1005'3acc       0x4  SDK_EVAL_Config.o [1]
  .rodata                 const    0x1005'3ad0       0x4  SDK_EVAL_Config.o [1]
  .rodata                 const    0x1005'3ad4       0x4  SDK_EVAL_Config.o [1]
  .rodata                 const    0x1005'3ad8       0x4  SDK_EVAL_Config.o [1]
  .rodata                 const    0x1005'3adc       0x4  SDK_EVAL_Config.o [1]
  .rodata                 const    0x1005'3ae0       0x4  SDK_EVAL_Config.o [1]
  .rodata                 const    0x1005'3ae4       0x4  SDK_EVAL_Config.o [1]
  .rodata                 const    0x1005'3ae8       0x0  zero_init3.o [6]
  .rodata                 const    0x1005'3ae8       0x0  lz77_init_single.o [6]
  Initializer bytes       const    0x1005'3ae8      0xc0  <for P3-1>
  Initializer bytes       const    0x1005'3ba8       0x7  <for BLUE-1>
  Initializer bytes       const    0x1005'3baf       0x6  <for app_base_block-1>
                                 - 0x1005'3bb5  0x1'32f5

"A0":                                              0x838
  BLOCK_STACKLIB_FLASH_DATA
                                   0x1007'f000     0x838  <Block>
    .noinit.stacklib_flash_data
                          uninit   0x1007'f000     0x800  SensorDemo_main.o [1]
    .noinit.stacklib_stored_device_id_data
                          uninit   0x1007'f800      0x38  SensorDemo_main.o [1]
                                 - 0x1007'f838     0x838

"A4":                                                0x4
  ota_sw_activation_block
                                   0x2000'0004       0x4  <Block>
    .ota_sw_activation    uninit   0x2000'0004       0x4  system_bluenrg1.o [1]
                                 - 0x2000'0008       0x4

"A5":                                                0x4
  savedMSP_block                   0x2000'0008       0x4  <Block>
    .savedMSP             zero     0x2000'0008       0x4  system_bluenrg1.o [1]
                                 - 0x2000'000c       0x4

"A6":                                                0x4
  wakeupFromSleepFlag_block
                                   0x2000'000c       0x4  <Block>
    .wakeupFromSleepFlag  zero     0x2000'000c       0x1  system_bluenrg1.o [1]
                                 - 0x2000'0010       0x4

"A7":                                                0x4
  app_base_block                   0x2000'0010       0x4  <Block>
    app_base_block-1               0x2000'0010       0x4  <Init block>
      .app_base           inited   0x2000'0010       0x4  system_bluenrg1.o [1]
                                 - 0x2000'0014       0x4

"A8":                                                0x4
  flash_sw_lock_block              0x2000'0014       0x4  <Block>
    .flash_sw_lock        zero     0x2000'0014       0x4  system_bluenrg1.o [1]
                                 - 0x2000'0018       0x4

"A9":                                                0x4
  rfTimeout_block                  0x2000'0018       0x4  <Block>
    .rfTimeout            zero     0x2000'0018       0x4  system_bluenrg1.o [1]
                                 - 0x2000'001c       0x4

"P3", part 1 of 5:                                  0x14
  .bss                    zero     0x2000'001c      0x14  sensor.o [1]
                                 - 0x2000'0030      0x14

"A10":                                               0x4
  Blue_Flag_Ram_block              0x2000'0030       0x4  <Block>
    .__blueflag_RAM       zero     0x2000'0030       0x4  system_bluenrg1.o [1]
                                 - 0x2000'0034       0x4

"A11":                                              0x28
  Crash_Info_block                 0x2000'0034      0x28  <Block>
    .__crash_RAM          uninit   0x2000'0034      0x28  miscutil.o [1]
                                 - 0x2000'005c      0x28

"P3", part 2 of 5:                                  0x64
  .bss                    zero     0x2000'005c      0x64  sleep.o [1]
                                 - 0x2000'00c0      0x64

"A1":                                              0x20c
  BLUE                             0x2000'00c0     0x20c  <Block>
    BLUE-1                         0x2000'00c0     0x20c  <Init block>
      .bss.__blue_RAM     inited   0x2000'00c0     0x20c  system_bluenrg1.o [1]
                                 - 0x2000'02cc     0x20c

"P3", part 3 of 5:                                 0x177
  P3-1                             0x2000'02cc     0x177  <Init block>
    .data                 inited   0x2000'02cc       0x8  BlueNRG1_i2c.o [1]
    .data                 inited   0x2000'02d4      0x34  LPS25HB.o [1]
    .data                 inited   0x2000'0308      0x40  LSM6DS3.o [1]
    .data                 inited   0x2000'0348       0xc  LSM6DS3.o [1]
    .data                 inited   0x2000'0354      0x58  OTA_btl.o [1]
    .data                 inited   0x2000'03ac      0x14  OTA_btl.o [1]
    .data                 inited   0x2000'03c0       0x4  SDK_EVAL_Config.o [1]
    .data                 inited   0x2000'03c4       0xc  sensor.o [1]
    .data                 inited   0x2000'03d0       0x4  sensor.o [1]
    .data                 inited   0x2000'03d4      0x20  system_bluenrg1.o [1]
    .data                 inited   0x2000'03f4      0x48  ll_isr.o [3]
    .data                 inited   0x2000'043c       0x4  mem_alloc.o [3]
    .data                 inited   0x2000'0440       0x2  SensorDemo_main.o [1]
    .data                 inited   0x2000'0442       0x1  LPS25HB.o [1]
                                 - 0x2000'0443     0x177

"P3", part 4 of 5:                                 0x72c
  .bss                    zero     0x2000'0444     0x6a0  OTA_btl.o [1]
  .bss                    zero     0x2000'0ae4      0x3c  gatt_db.o [1]
  .bss                    zero     0x2000'0b20      0x34  mem_alloc.o [3]
  .bss                    zero     0x2000'0b54       0x8  system_bluenrg1.o [1]
  .bss                    zero     0x2000'0b5c       0x4  clock.o [1]
  .bss                    zero     0x2000'0b60       0x4  system_bluenrg1.o [1]
  .bss                    zero     0x2000'0b64       0x4  system_bluenrg1.o [1]
  .bss                    zero     0x2000'0b68       0x4  system_bluenrg1.o [1]
  .bss                    zero     0x2000'0b6c       0x1  SDK_EVAL_Config.o [1]
                                 - 0x2000'0b6d     0x729

"P3", part 5 of 5:                                0x2c5c
  .noinit                 uninit   0x2000'0b70    0x2c5c  SensorDemo_main.o [1]
                                 - 0x2000'37cc    0x2c5c

"A12":                                             0xc00
  CSTACK                           0x2000'5400     0xc00  <Block>
    CSTACK                uninit   0x2000'5400     0xc00  <Block tail>
                                 - 0x2000'6000     0xc00

Unused ranges:

         From           To    Size
         ----           --    ----
  0x1005'3bb5  0x1005'f7ff  0xbc4b
  0x2000'0000  0x2000'0003     0x4
  0x2000'0443  0x2000'0443     0x1
  0x2000'37cc  0x2000'53ff  0x1c34


*******************************************************************************
*** INIT TABLE
***

[...]
fifoBuf_getFreeHeader   0x1004'8fe9    0x6c  Code  Lc  aci_events.o [3]
fifoCtrl_init           0x1004'b791     0xa  Code  Lc  aci_events.o [3]
flash_sw_lock           0x2000'0014     0x4  Data  Gb  system_bluenrg1.o [1]
flash_sw_lock_block$$Base
                        0x2000'0014           --   Gb  - Linker created -
flash_sw_lock_block$$Limit
                        0x2000'0018           --   Gb  - Linker created -
freeFallCharHandle      0x2000'0ae6     0x2  Data  Gb  gatt_db.o [1]
g_var_LinkPerp          0x2000'0400     0x4  Data  Gb  ll_isr.o [3]
g_var_RcvData           0x2000'0410     0x4  Data  Gb  ll_isr.o [3]
g_var_bluedata1         0x2000'0404     0x4  Data  Gb  ll_isr.o [3]
g_var_close_connect_event_now
                        0x2000'03f4     0x1  Data  Gb  ll_isr.o [3]
g_var_close_connect_now
                        0x2000'03f5     0x1  Data  Gb  ll_isr.o [3]
g_var_index             0x2000'03f8     0x1  Data  Gb  ll_isr.o [3]
g_var_int_value         0x2000'03fc     0x4  Data  Gb  ll_isr.o [3]
g_var_linkslaveno       0x2000'03f6     0x1  Data  Gb  ll_isr.o [3]
g_var_scan_response_sent
                        0x2000'03fa     0x1  Data  Gb  ll_isr.o [3]
g_var_sending_scan_response
                        0x2000'03f9     0x1  Data  Gb  ll_isr.o [3]
g_var_sent_event        0x2000'040c     0x4  Data  Gb  ll_isr.o [3]
g_var_state2            0x2000'03f7     0x1  Data  Gb  ll_isr.o [3]
g_var_txdata            0x2000'0408     0x4  Data  Gb  ll_isr.o [3]
gapClearAllModeFlags    0x1004'bfdd    0x10  Code  Gb  gap.o [3]
get_adv_addr            0x1005'0c9d    0x14  Code  Gb  rom_ll_isr_routines.o [3]
get_advertiser          0x1004'c2c9    0x40  Code  Gb  multi_master_time.o [3]
get_connection_no       0x1004'860d    0x82  Code  Gb  multi_master_time.o [3]
get_next_free_slot      0x1004'da79    0x2c  Code  Gb  multi_master_time.o [3]
get_scan_addr           0x1004'fae1    0x14  Code  Gb  rom_ll_isr_routines.o [3]
get_scan_connection     0x1004'c311    0x40  Code  Gb  multi_master_time.o [3]
go_to_connect           0x1005'0d09   0x276  Code  Gb  rom_ll_isr_routines.o [3]
hal_radio_activity_state_callback_check
                        0x1004'5f2d    0x30  Code  Gb  hal.o [3]
hal_radio_activity_state_init
                        0x1004'b775    0x18  Code  Gb  hal.o [3]
hal_read_radio_activity_state
                        0x1004'8f61    0x3a  Code  Gb  hal.o [3]
hci_acl_Process_Q       0x1004'4539    0x66  Code  Gb  hci.o [3]
hci_disconnection_complete_event
                        0x1004'322f    0x1a  Code  Gb  sensor.o [1]
hci_encryption_change_event_push
                        0x1004'f93d    0x58  Code  Lc  ll_routines_master.o [3]
hci_encryption_key_refresh_complete_event_push
                        0x1004'f8e5    0x54  Code  Lc  ll_routines_master.o [3]
hci_le_connection_complete_event
                        0x1004'3225     0xa  Code  Gb  sensor.o [1]
hci_le_connection_complete_event_push
                        0x1004'f85d    0x84  Code  Lc  ll_routines_master.o [3]
hci_le_connection_update_complete_event_push
                        0x1004'f9dd    0x66  Code  Lc  ll_routines_master.o [3]
hci_le_data_length_change_event
                        0x1004'39cf    0x4e  Code  Gb  OTA_btl.o [1]
hci_le_long_term_key_request_reply
                        0x1004'6bcf     0xe  Code  Gb  hci.o [3]
hci_le_long_term_key_requested_negative_reply
                        0x1004'6bc1     0xe  Code  Gb  hci.o [3]
hci_le_set_scan_response_data
                        0x1004'43c3    0x16  Code  Gb  hci.o [3]
hci_rx_acl_data         0x1005'2a15    0x66  Code  Gb  hci.o [3]
hci_tx_acl_data_done    0x1005'2ce1    0x42  Code  Gb  hci.o [3]
hot_table_radio_config  0x2000'03d4    0x20  Data  Gb  system_bluenrg1.o [1]
imageBase               0x2000'037c     0x4  Data  Lc  OTA_btl.o [1]
imageBuffer             0x2000'0444   0x6a0  Data  Lc  OTA_btl.o [1]
imageSize               0x2000'0380     0x4  Data  Lc  OTA_btl.o [1]
int32ToLe4Byte          0x1004'ee2d    0x10  Code  Lc  sdb.o [3]
int32ToLe4Byte          0x1004'd6a7    0x10  Code  Lc  securitymgr.o [3]
int32ToLe4Byte          0x1004'fc5d    0x10  Code  Lc  rom_ll_ll_routines.o [3]
int_cb_hci_acl_data_ind_event
                        0x1005'2f31    0x3c  Code  Gb  acl.o [3]
int_cb_hci_acl_data_tx_cmpl_event
                        0x1005'2c8d    0x50  Code  Gb  acl.o [3]
int_cb_hci_disconnection_complete_event
                        0x1005'33a5    0x26  Code  Gb  aci_events.o [3]
int_cb_hci_encryption_change_event
                        0x1005'3913    0x1a  Code  Gb  aci_events.o [3]
int_cb_hci_encryption_key_refresh_complete_event
                        0x1005'392d    0x1a  Code  Gb  aci_events.o [3]
int_cb_hci_le_advertising_report_event
                        0x1005'3879    0x1e  Code  Gb  aci_events.o [3]
int_cb_hci_le_connection_complete_event
                        0x1005'33cb    0x26  Code  Gb  aci_events.o [3]
int_cb_hci_le_data_length_change_event
                        0x1005'3a4d    0x10  Code  Gb  aci_events.o [3]
int_cb_hci_le_direct_advertising_report_event
                        0x1005'3897    0x1e  Code  Gb  aci_events.o [3]
int_cb_hci_le_enhanced_connection_complete_event
                        0x1005'33f1    0x26  Code  Gb  aci_events.o [3]
int_cb_hci_le_generate_dhkey_complete_event
                        0x1005'3947    0x1a  Code  Gb  aci_events.o [3]
int_cb_hci_le_long_term_key_request_event
                        0x1005'3a85     0xc  Code  Gb  aci_events.o [3]
int_cb_hci_le_read_local_p256_public_key_complete_event
                        0x1005'3963    0x1a  Code  Gb  aci_events.o [3]
int_evnt_callback_pfunc
                        0x1005'2418    0x34  Data  Gb  aci_events.o [3]
is_Buffer_All_Set_To    0x1004'b829    0x1e  Code  Gb  utils.o [3]
is_connected            0x1004'b5c1    0x46  Code  Gb  rom_ll_ll_routines.o [3]
is_slave                0x1004'8699    0x2c  Code  Gb  multi_master_time.o [3]
isr_Acl_Data_Indication_Queue_Full
                        0x1005'089d    0x1a  Code  Gb  acl.o [3]
isr_Acl_Data_TX_Cmpl_Queue_Full
                        0x1005'076d    0x1a  Code  Gb  acl.o [3]
isr_advertise_state     0x1005'0909   0x380  Code  Lc  ll_isr.o [3]
isr_connect_slave_state
                        0x1004'fe8d   0x7b4  Code  Lc  ll_isr.o [3]
isr_event_handler       0x1004'e519   0x5f8  Code  Gb  ll_routines_master.o [3]
isr_postproc            0x1005'1675   0x1d4  Code  Gb  isr_postproc.o [3]
isr_postproc1           0x1005'078d   0x108  Code  Gb  rom_ll_isr_postproc.o [3]
isr_postproc_encrypt_data
                        0x1005'08f3    0x16  Code  Gb  rom_ll_isr_postproc.o [3]
isr_test_rx_state       0x1005'2fad    0x2a  Code  Lc  ll_isr.o [3]
isr_test_tx_state       0x1005'2bb5    0x5a  Code  Lc  ll_isr.o [3]
isr_unknown_state       0x1005'3141    0x26  Code  Lc  ll_isr.o [3]
last_written_receivedSequence
                        0x2000'0374     0x2  Data  Lc  OTA_btl.o [1]
le2ByteToInt16          0x1004'fe83     0xa  Code  Lc  rom_ll_isr_routines.o [3]
le4ByteToInt32          0x1004'fe6d    0x16  Code  Lc  rom_ll_isr_routines.o [3]
le4ByteToInt32          0x1004'fe57    0x16  Code  Lc  rom_ll_ll_routines.o [3]
ll_write_supported_data
                        0x1004'765d    0x6a  Code  Gb  ll_routines.o [3]
ll_write_supported_data_ucfg
                        0x1004'4dbf     0x8  Code  Gb  stack_user_cfg.o [1]
machine_time_trans      0x1004'5e01    0x1c  Code  Gb  rom_ll_timehandling.o [3]
main                    0x1004'2901    0x6c  Code  Gb  SensorDemo_main.o [1]
mem_alloc_ctx_init      0x1004'5041    0x9c  Code  Gb  mem_alloc.o [3]
mem_alloc_ctx_p         0x2000'043c     0x4  Data  Gb  mem_alloc.o [3]
memcmp                  0x1004'4d91          Code  Gb  memcmp.o [6]
memset                  0x1004'1d07    0x14  Code  Gb  memset.o [6]
microseconds_to_machine_time
                        0x1004'c711     0x8  Code  Gb  routines_support.o [3]
modulo_37               0x1004'e121    0x18  Code  Gb  rom_ll_routines_support.o [3]
notification            0x2000'0360     0x4  Data  Gb  OTA_btl.o [1]
notification_range      0x2000'035c     0x1  Data  Lc  OTA_btl.o [1]
nsar_init               0x1004'b6ed    0x12  Code  Gb  multi_master_time.o [3]
nsar_insertSlotListEntry
                        0x1004'fcd9    0x16  Code  Lc  multi_master_time.o [3]
nsar_searchBestFreeSlot
                        0x1004'fcf9    0xba  Code  Lc  multi_master_time.o [3]
nsar_updateBestFreeSlot
                        0x1004'fe35    0x22  Code  Lc  multi_master_time.o [3]
nsar_updateSlotListEntry
                        0x1004'fc6d    0x64  Code  Lc  multi_master_time.o [3]
ota_allow_jump          0x2000'0356     0x1  Data  Lc  OTA_btl.o [1]
ota_att_mtu_size        0x2000'037a     0x2  Data  Lc  OTA_btl.o [1]
ota_char_uuid           0x2000'039c    0x10  Data  Lc  OTA_btl.o [1]
ota_service_is_disconnected
                        0x2000'0358     0x1  Data  Lc  OTA_btl.o [1]
ota_service_uuid        0x2000'038c    0x10  Data  Lc  OTA_btl.o [1]
ota_sw_activation       0x2000'0004     0x4  Data  Gb  system_bluenrg1.o [1]
ota_sw_activation_block$$Base
                        0x2000'0004           --   Gb  - Linker created -
ota_sw_activation_block$$Limit
                        0x2000'0008           --   Gb  - Linker created -
ota_write_data          0x2000'035a     0x1  Data  Lc  OTA_btl.o [1]
pressCharHandle         0x2000'0aee     0x2  Data  Gb  gatt_db.o [1]
ptr                     0x2000'00ac     0x4  Data  Gb  sleep.o [1]
read_rssi               0x1005'15f9    0x72  Code  Gb  ll_routines.o [3]
receivedSeqNum          0x2000'0376     0x2  Data  Lc  OTA_btl.o [1]
request_free_fall_notify
                        0x2000'03c6     0x1  Data  Gb  sensor.o [1]
rfTimeout               0x2000'0018     0x4  Data  Gb  system_bluenrg1.o [1]
rfTimeout_block$$Base   0x2000'0018           --   Gb  - Linker created -
rfTimeout_block$$Limit  0x2000'001c           --   Gb  - Linker created -
s_I2cClkPinModeVersion  0x1005'3ac4     0x4  Data  Gb  SDK_EVAL_Config.o [1]
s_I2cClkPinVersion      0x1005'3ac0     0x4  Data  Gb  SDK_EVAL_Config.o [1]
s_I2cDataModeVersion    0x1005'3abc     0x4  Data  Gb  SDK_EVAL_Config.o [1]
s_I2cDataPinVersion     0x1005'3ab8     0x4  Data  Gb  SDK_EVAL_Config.o [1]
s_I2cPeripheralVersion  0x2000'03c0     0x4  Data  Gb  SDK_EVAL_Config.o [1]
s_SdkEvalVersion        0x2000'0b6c     0x1  Data  Lc  SDK_EVAL_Config.o [1]
s_SpiCs1PinVersion      0x1005'3ac8     0x4  Data  Gb  SDK_EVAL_Config.o [1]
s_SpiInModeVersion      0x1005'3ad8     0x4  Data  Gb  SDK_EVAL_Config.o [1]
s_SpiInPinVersion       0x1005'3ad4     0x4  Data  Gb  SDK_EVAL_Config.o [1]
s_SpiIrqSensorPinVersion
                        0x1005'3ae4     0x4  Data  Gb  SDK_EVAL_Config.o [1]
s_SpiOutModeVersion     0x1005'3ad0     0x4  Data  Gb  SDK_EVAL_Config.o [1]
s_SpiOutPinVersion      0x1005'3acc     0x4  Data  Gb  SDK_EVAL_Config.o [1]
s_SpiSclkModeVersion    0x1005'3ae0     0x4  Data  Gb  SDK_EVAL_Config.o [1]
s_SpiSclkPinVersion     0x1005'3adc     0x4  Data  Gb  SDK_EVAL_Config.o [1]
s_UartRxModeVersion     0x1005'3ab4     0x4  Data  Gb  SDK_EVAL_Config.o [1]
s_UartRxPinVersion      0x1005'3ab0     0x4  Data  Gb  SDK_EVAL_Config.o [1]
s_UartTxModeVersion     0x1005'3aac     0x4  Data  Gb  SDK_EVAL_Config.o [1]
s_UartTxPinVersion      0x1005'3aa8     0x4  Data  Gb  SDK_EVAL_Config.o [1]
s_vectnGpioPinVersion   0x1005'3a6c     0xc  Data  Gb  SDK_EVAL_Config.o [1]
savedICSR               0x2000'0b60     0x4  Data  Gb  system_bluenrg1.o [1]
savedMSP                0x2000'0008     0x4  Data  Gb  system_bluenrg1.o [1]
savedMSP_block$$Base    0x2000'0008           --   Gb  - Linker created -
savedMSP_block$$Limit   0x2000'000c           --   Gb  - Linker created -
savedNVIC_ISPR          0x2000'0b68     0x4  Data  Gb  system_bluenrg1.o [1]
savedSHCSR              0x2000'0b64     0x4  Data  Gb  system_bluenrg1.o [1]
schedule_advertise_slot
                        0x1004'dc05    0xa6  Code  Gb  multi_master_time.o [3]
sdb_delete              0x1004'ecc9   0x160  Code  Lc  sdb.o [3]
sdb_find_client_data    0x1004'c9bd    0xc4  Code  Lc  sdb.o [3]
sdb_get_gatt_db_start_address
                        0x1004'ee75    0x12  Code  Lc  sdb.o [3]
sdb_invalidate_record   0x1004'faf5    0x1a  Code  Lc  sdb.o [3]
sdb_read_record         0x1004'c975    0x20  Code  Lc  sdb.o [3]
sdb_read_record_validity
                        0x1004'c965     0xc  Code  Lc  sdb.o [3]
sdb_write_record        0x1004'fb61    0x78  Code  Lc  sdb.o [3]
secure_connections_csr_ucfg
                        0x1004'50eb     0x4  Code  Wk  smp_scv42_sap.o [3]
sensorTimer_expired     0x2000'03c5     0x1  Data  Lc  sensor.o [1]
service_uuid            0x2000'0af0    0x10  Data  Gb  gatt_db.o [1]
setGapAdvData           0x1004'c07d    0xfa  Code  Gb  gap.o [3]
set_connectable         0x2000'03c4     0x1  Data  Gb  sensor.o [1]
set_freq                0x1004'5f7d    0x6c  Code  Gb  rom_ll_timehandling.o [3]
set_sca                 0x1004'e0ed    0x18  Code  Gb  rom_ll_timehandling.o [3]
set_string              0x1004'e299    0x10  Code  Gb  hal.o [3]
slave_advance           0x1004'86cd   0x196  Code  Gb  routines_support.o [3]
sleepMode_selected      0x2000'00b0    0x10  Data  Gb  sleep.o [1]
sm_RepeatedAttacks_Protection
                        0x1004'd6e1    0xfc  Code  Gb  securitymgr.o [3]
sma_CMAC_generate_tag   0x1004'efb7    0xca  Code  Gb  smp_algo_sap.o [3]
sma_Calculate_Hash      0x1004'ee3d    0x38  Code  Lc  smp_algo_sap.o [3]
sma_generate_subkeys    0x1004'fbdd    0x80  Code  Lc  smp_algo_sap.o [3]
sma_left_shift          0x1004'fe09    0x2c  Code  Lc  smp_algo_sap.o [3]
smp_Build_AuthReq_Field
                        0x1004'd391    0x18  Code  Lc  securitymgr.o [3]
smp_Build_Pairing_ReqResp_Packet
                        0x1004'd4e9    0x40  Code  Lc  securitymgr.o [3]
smp_Check_Incoming_Pairing_Parameters
                        0x1004'd355    0x36  Code  Lc  securitymgr.o [3]
smp_Determine_Key_Association_Method
                        0x1004'f279    0xb0  Code  Lc  securitymgr.o [3]
smp_Execute_Actions_wrt_Current_State
                        0x1004'6bdd   0x18a  Code  Lc  securitymgr.o [3]
smp_Get_Long_Term_Key   0x1004'6b31    0x8a  Code  Lc  securitymgr.o [3]
smp_Get_Pairing_Parameters_From_Peer_Packet
                        0x1004'd3e9    0x84  Code  Lc  securitymgr.o [3]
smp_Keys_Distribution_Complete
                        0x1005'2655    0x34  Code  Lc  smp_common.o [3]
smp_Keys_Distribution_Send
                        0x1004'abed   0x118  Code  Lc  securitymgr.o [3]
smp_MI_Start_Encryption_ucfg
                        0x1005'2689     0x4  Code  Wk  securitymgr.o [3]
smp_Process_Rx_Packet_wrt_Current_State
                        0x1004'6db5    0xee  Code  Lc  securitymgr.o [3]
smp_Reset_Timer         0x1004'af39    0x1a  Code  Lc  securitymgr.o [3]
smp_SR_Compute_c1_Confirm_Value
                        0x1004'd531   0x16a  Code  Lc  securitymgr.o [3]
smp_Set_Key_Association_Method
                        0x1004'd471    0x74  Code  Lc  securitymgr.o [3]
smp____PairingFailed_Receive
                        0x1004'6ea9    0x10  Code  Gb  smp_common.o [3]
smp____Pairing_Process_Abort
                        0x1004'b2c9    0x6e  Code  Lc  smp_common.o [3]
smp____SR_PairingConfirm_Receive
                        0x1004'b119    0x7c  Code  Lc  securitymgr.o [3]
smp____SR_PairingRandom_Receive
                        0x1004'b195   0x128  Code  Lc  securitymgr.o [3]
smp____SR_PairingRequest_Receive
                        0x1004'af59   0x1bc  Code  Lc  securitymgr.o [3]
smp_add_to_sdb          0x1004'd17d   0x146  Code  Gb  smp_common.o [3]
smp_find_remote_device_index
                        0x1004'aef9    0x3c  Code  Gb  smp_common.o [3]
smp_get_CSRK            0x1004'ef99    0x1e  Code  Gb  smp_common.o [3]
smp_get_local_identity_address
                        0x1004'd0f5    0x3c  Code  Gb  smp_common.o [3]
smp_keys_distribution_start
                        0x1004'adbf    0x36  Code  Gb  smp_common.o [3]
smp_keys_receiving      0x1004'ae23    0xd6  Code  Gb  smp_common.o [3]
smp_oob_check_is_remote_data_present
                        0x1004'd3ad    0x38  Code  Gb  smp_common.o [3]
smp_pairing_2octets_packet_send
                        0x1004'd31d    0x36  Code  Gb  smp_common.o [3]
smp_pairing_completed   0x1004'ad09    0x8c  Code  Gb  smp_common.o [3]
smp_pairing_failed_send
                        0x1004'adf9    0x2a  Code  Gb  smp_common.o [3]
smp_sc_check_for_ecc_pk_generation_request_ucfg
                        0x1004'6b2d     0x2  Code  Wk  smp_scv42_caf.o [3]
smp_sc_continue_on_exclusive_sc_pairing_ucfg
                        0x1004'd3a9     0x4  Code  Wk  smp_scv42_caf.o [3]
smp_sc_hci_le_generate_dhkey_complete_evt_hndl_ucfg
                        0x1005'3961     0x2  Code  Wk  smp_scv42_sap.o [3]
smp_sc_hci_le_read_local_p256_public_key_complete_evt_hndl_ucfg
                        0x1005'397d     0x2  Code  Wk  smp_scv42_sap.o [3]
smp_sc_init_ucfg        0x1004'b773     0x2  Code  Wk  smp_scv42_caf.o [3]
smp_sc_is_any_other_sc_pairing_ongoing
                        0x1004'b79d    0x34  Code  Gb  smp_scv42_caf.o [3]
smp_sc_update_statistics_on_pairing_complete_ucfg
                        0x1004'c3e9     0x2  Code  Wk  smp_scv42_caf.o [3]
smp_send_packet         0x1004'd135    0x1e  Code  Gb  securitymgr.o [3]
stacklib_flash_data     0x1007'f000   0x800  Data  Gb  SensorDemo_main.o [1]
stacklib_stored_device_id_data
                        0x1007'f800    0x38  Data  Gb  SensorDemo_main.o [1]
start_timebase          0x1004'f5c1    0xac  Code  Gb  multi_master_time.o [3]
state_func_call_init_csr_ucfg
                        0x1004'50e5     0x2  Code  Wk  ll_isr.o [3]
store_data              0x1004'c889    0x1e  Code  Gb  gatt_server.o [3]
swap_slaves             0x1004'e13d   0x132  Code  Gb  routines_support.o [3]
swap_u16                0x1004'f851     0xa  Code  Lc  multi_master_time.o [3]
swap_u16                0x1004'f7af     0xa  Code  Lc  routines_support.o [3]
swap_u32                0x1004'f7a5     0xa  Code  Lc  routines_support.o [3]
swap_u8                 0x1004'f79b     0xa  Code  Lc  routines_support.o [3]
sys_tick_count          0x2000'0b5c     0x4  Data  Lc  clock.o [1]
system_time_trans       0x1004'5def    0x10  Code  Gb  rom_ll_timehandling.o [3]
system_time_trans_ext   0x1004'5d15    0x2c  Code  Gb  rom_ll_timehandling.o [3]
tempCharHandle          0x2000'0aec     0x2  Data  Gb  gatt_db.o [1]
time_offset1            0x1004'e113     0xe  Code  Gb  rom_ll_timehandling.o [3]
time_offset2            0x1004'e289     0xc  Code  Gb  rom_ll_timehandling.o [3]
timebase_start_connect  0x1005'0fbd    0x2e  Code  Gb  multi_master_time.o [3]
totalBytesWritten       0x2000'0384     0x4  Data  Lc  OTA_btl.o [1]
unpack_channel_map      0x1005'06a9    0x2e  Code  Gb  rom_ll_isr_routines.o [3]
unpack_update_request   0x1005'0661    0x48  Code  Gb  rom_ll_isr_routines.o [3]
wait_for_aes_ready      0x1005'08bd    0x24  Code  Lc  rom_ll_isr_postproc.o [3]
wakeupFromSleepFlag     0x2000'000c     0x1  Data  Gb  system_bluenrg1.o [1]
wakeupFromSleepFlag_block$$Base
                        0x2000'000c           --   Gb  - Linker created -
wakeupFromSleepFlag_block$$Limit
                        0x2000'0010           --   Gb  - Linker created -
write_counter           0x2000'036e     0x2  Data  Lc  OTA_btl.o [1]
xLPS25HBDrv             0x2000'03d0     0x4  Data  Gb  sensor.o [1]


[1] = D:\work\2019\pro\55_Github\debug\BlueNRG_Demo\BlueNRG-1_2 DK 3.1.0\Project\Supply\BLE_OtaDemo\EWARM\BlueNRG-2\LowerApp_OTA\Obj
[2] = dl6M_tln.a
[3] = libbluenrg1_stack.a
[4] = libcrypto.a
[5] = m6M_tl.a
[6] = rt6M_tl.a
[7] = shb_l.a

  77'757 bytes of readonly  code memory
   1'016 bytes of readonly  data memory
  19'449 bytes of readwrite data memory

Errors: none
Warnings: none
